[Tue Apr 26 14:47:15.706493 2022] [php:notice] [pid 1008] [client 172.17.0.1:62966] PHP Warning:  Undefined array key "userName" in /app/login.php on line 62, referer: http://localhost/login.php
[Tue Apr 26 14:47:15.709223 2022] [php:notice] [pid 1008] [client 172.17.0.1:62966] PHP Stack trace:, referer: http://localhost/login.php
[Tue Apr 26 14:47:15.710537 2022] [php:notice] [pid 1008] [client 172.17.0.1:62966] PHP   1. {main}() /app/login.php:0, referer: http://localhost/login.php
[Tue Apr 26 14:47:33.724070 2022] [php:notice] [pid 1867] [client 172.17.0.1:62968] PHP Warning:  Undefined array key "userName" in /app/login.php on line 62, referer: http://localhost/login.php
[Tue Apr 26 14:47:33.725209 2022] [php:notice] [pid 1867] [client 172.17.0.1:62968] PHP Stack trace:, referer: http://localhost/login.php
[Tue Apr 26 14:47:33.725731 2022] [php:notice] [pid 1867] [client 172.17.0.1:62968] PHP   1. {main}() /app/login.php:0, referer: http://localhost/login.php
[Tue Apr 26 14:47:48.853116 2022] [php:notice] [pid 1003] [client 172.17.0.1:62970] PHP Warning:  Undefined array key "userName" in /app/login.php on line 62, referer: http://localhost/login.php
[Tue Apr 26 14:47:48.857394 2022] [php:notice] [pid 1003] [client 172.17.0.1:62970] PHP Stack trace:, referer: http://localhost/login.php
[Tue Apr 26 14:47:48.858866 2022] [php:notice] [pid 1003] [client 172.17.0.1:62970] PHP   1. {main}() /app/login.php:0, referer: http://localhost/login.php
[Tue Apr 26 14:47:57.287964 2022] [php:notice] [pid 1007] [client 172.17.0.1:62972] PHP Warning:  Undefined array key "userName" in /app/login.php on line 62, referer: http://localhost/login.php
[Tue Apr 26 14:47:57.291458 2022] [php:notice] [pid 1007] [client 172.17.0.1:62972] PHP Stack trace:, referer: http://localhost/login.php
[Tue Apr 26 14:47:57.293028 2022] [php:notice] [pid 1007] [client 172.17.0.1:62972] PHP   1. {main}() /app/login.php:0, referer: http://localhost/login.php
[Tue Apr 26 15:59:11.867881 2022] [php:notice] [pid 1009] [client 172.17.0.1:62974] PHP Warning:  Undefined array key "userName" in /app/login.php on line 62, referer: http://localhost/login.php
[Tue Apr 26 15:59:11.897496 2022] [php:notice] [pid 1009] [client 172.17.0.1:62974] PHP Stack trace:, referer: http://localhost/login.php
[Tue Apr 26 15:59:11.907521 2022] [php:notice] [pid 1009] [client 172.17.0.1:62974] PHP   1. {main}() /app/login.php:0, referer: http://localhost/login.php
[Tue Apr 26 21:06:32.231735 2022] [php:notice] [pid 1003] [client 172.17.0.1:62988] PHP Warning:  Undefined array key "userName" in /app/login.php on line 62, referer: http://localhost/login.php
[Tue Apr 26 21:06:32.236334 2022] [php:notice] [pid 1003] [client 172.17.0.1:62988] PHP Stack trace:, referer: http://localhost/login.php
[Tue Apr 26 21:06:32.237717 2022] [php:notice] [pid 1003] [client 172.17.0.1:62988] PHP   1. {main}() /app/login.php:0, referer: http://localhost/login.php
[Tue Apr 26 21:06:49.271926 2022] [php:notice] [pid 1007] [client 172.17.0.1:62990] PHP Warning:  Undefined array key "userName" in /app/login.php on line 62, referer: http://localhost/login.php
[Tue Apr 26 21:06:49.276184 2022] [php:notice] [pid 1007] [client 172.17.0.1:62990] PHP Stack trace:, referer: http://localhost/login.php
[Tue Apr 26 21:06:49.278869 2022] [php:notice] [pid 1007] [client 172.17.0.1:62990] PHP   1. {main}() /app/login.php:0, referer: http://localhost/login.php
[Tue Apr 26 21:07:27.811248 2022] [php:notice] [pid 1009] [client 172.17.0.1:62992] PHP Warning:  Undefined array key "userName" in /app/login.php on line 62, referer: http://localhost/login.php
[Tue Apr 26 21:07:27.814490 2022] [php:notice] [pid 1009] [client 172.17.0.1:62992] PHP Stack trace:, referer: http://localhost/login.php
[Tue Apr 26 21:07:27.815804 2022] [php:notice] [pid 1009] [client 172.17.0.1:62992] PHP   1. {main}() /app/login.php:0, referer: http://localhost/login.php
[Tue Apr 26 23:37:27.718065 2022] [php:notice] [pid 1865] [client 172.17.0.1:63000] PHP Warning:  Undefined array key "userName" in /app/login.php on line 62, referer: http://localhost/login.php
[Tue Apr 26 23:37:27.762292 2022] [php:notice] [pid 1865] [client 172.17.0.1:63000] PHP Stack trace:, referer: http://localhost/login.php
[Tue Apr 26 23:37:27.765259 2022] [php:notice] [pid 1865] [client 172.17.0.1:63000] PHP   1. {main}() /app/login.php:0, referer: http://localhost/login.php
[Tue Apr 26 23:42:00.086656 2022] [php:notice] [pid 1008] [client 172.17.0.1:63002] PHP Warning:  Undefined array key "userName" in /app/login.php on line 62, referer: http://localhost/login.php
[Tue Apr 26 23:42:00.090039 2022] [php:notice] [pid 1008] [client 172.17.0.1:63002] PHP Stack trace:, referer: http://localhost/login.php
[Tue Apr 26 23:42:00.091340 2022] [php:notice] [pid 1008] [client 172.17.0.1:63002] PHP   1. {main}() /app/login.php:0, referer: http://localhost/login.php
[Wed Apr 27 00:11:36.667875 2022] [php:notice] [pid 1867] [client 172.17.0.1:63004] PHP Warning:  Undefined array key "userName" in /app/login.php on line 62, referer: http://localhost/login.php
[Wed Apr 27 00:11:36.673558 2022] [php:notice] [pid 1867] [client 172.17.0.1:63004] PHP Stack trace:, referer: http://localhost/login.php
[Wed Apr 27 00:11:36.676007 2022] [php:notice] [pid 1867] [client 172.17.0.1:63004] PHP   1. {main}() /app/login.php:0, referer: http://localhost/login.php
[Wed Apr 27 20:37:53.526053 2022] [php:notice] [pid 1861] [client 172.17.0.1:63016] PHP Warning:  Undefined array key "userName" in /app/login.php on line 62, referer: http://localhost/login.php
[Wed Apr 27 20:37:53.533033 2022] [php:notice] [pid 1861] [client 172.17.0.1:63016] PHP Stack trace:, referer: http://localhost/login.php
[Wed Apr 27 20:37:53.536927 2022] [php:notice] [pid 1861] [client 172.17.0.1:63016] PHP   1. {main}() /app/login.php:0, referer: http://localhost/login.php
[Thu Apr 28 12:57:39.948508 2022] [php:notice] [pid 1867] [client 172.17.0.1:63022] PHP Warning:  Undefined array key "userName" in /app/login.php on line 62, referer: http://localhost/login.php
[Thu Apr 28 12:57:39.953116 2022] [php:notice] [pid 1867] [client 172.17.0.1:63022] PHP Stack trace:, referer: http://localhost/login.php
[Thu Apr 28 12:57:39.954730 2022] [php:notice] [pid 1867] [client 172.17.0.1:63022] PHP   1. {main}() /app/login.php:0, referer: http://localhost/login.php
[Thu Apr 28 13:42:09.690706 2022] [php:notice] [pid 1865] [client 172.17.0.1:63090] PHP Warning:  Undefined array key "userName" in /app/login.php on line 62, referer: http://localhost/login.php
[Thu Apr 28 13:42:09.696543 2022] [php:notice] [pid 1865] [client 172.17.0.1:63090] PHP Stack trace:, referer: http://localhost/login.php
[Thu Apr 28 13:42:09.699171 2022] [php:notice] [pid 1865] [client 172.17.0.1:63090] PHP   1. {main}() /app/login.php:0, referer: http://localhost/login.php
[Thu Apr 28 13:49:20.308046 2022] [php:notice] [pid 1009] [client 172.17.0.1:63100] PHP Warning:  Undefined variable $_Get in /app/add.php on line 37, referer: http://localhost/add.php
[Thu Apr 28 13:49:20.312986 2022] [php:notice] [pid 1009] [client 172.17.0.1:63100] PHP Stack trace:, referer: http://localhost/add.php
[Thu Apr 28 13:49:20.316607 2022] [php:notice] [pid 1009] [client 172.17.0.1:63100] PHP   1. {main}() /app/add.php:0, referer: http://localhost/add.php
[Thu Apr 28 13:49:20.328339 2022] [php:notice] [pid 1009] [client 172.17.0.1:63100] PHP Warning:  Trying to access array offset on value of type null in /app/add.php on line 37, referer: http://localhost/add.php
[Thu Apr 28 13:49:20.330243 2022] [php:notice] [pid 1009] [client 172.17.0.1:63100] PHP Stack trace:, referer: http://localhost/add.php
[Thu Apr 28 13:49:20.331212 2022] [php:notice] [pid 1009] [client 172.17.0.1:63100] PHP   1. {main}() /app/add.php:0, referer: http://localhost/add.php
[Thu Apr 28 13:49:20.335349 2022] [php:notice] [pid 1009] [client 172.17.0.1:63100] PHP Warning:  Undefined variable $_Get in /app/add.php on line 38, referer: http://localhost/add.php
[Thu Apr 28 13:49:20.336268 2022] [php:notice] [pid 1009] [client 172.17.0.1:63100] PHP Stack trace:, referer: http://localhost/add.php
[Thu Apr 28 13:49:20.337216 2022] [php:notice] [pid 1009] [client 172.17.0.1:63100] PHP   1. {main}() /app/add.php:0, referer: http://localhost/add.php
[Thu Apr 28 13:49:20.338158 2022] [php:notice] [pid 1009] [client 172.17.0.1:63100] PHP Warning:  Trying to access array offset on value of type null in /app/add.php on line 38, referer: http://localhost/add.php
[Thu Apr 28 13:49:20.339100 2022] [php:notice] [pid 1009] [client 172.17.0.1:63100] PHP Stack trace:, referer: http://localhost/add.php
[Thu Apr 28 13:49:20.340038 2022] [php:notice] [pid 1009] [client 172.17.0.1:63100] PHP   1. {main}() /app/add.php:0, referer: http://localhost/add.php
[Thu Apr 28 13:49:32.744126 2022] [php:notice] [pid 1009] [client 172.17.0.1:63100] PHP Warning:  Undefined variable $_Get in /app/add.php on line 37, referer: http://localhost/add.php
[Thu Apr 28 13:49:32.747955 2022] [php:notice] [pid 1009] [client 172.17.0.1:63100] PHP Stack trace:, referer: http://localhost/add.php
[Thu Apr 28 13:49:32.750229 2022] [php:notice] [pid 1009] [client 172.17.0.1:63100] PHP   1. {main}() /app/add.php:0, referer: http://localhost/add.php
[Thu Apr 28 13:49:32.756919 2022] [php:notice] [pid 1009] [client 172.17.0.1:63100] PHP Warning:  Trying to access array offset on value of type null in /app/add.php on line 37, referer: http://localhost/add.php
[Thu Apr 28 13:49:32.759323 2022] [php:notice] [pid 1009] [client 172.17.0.1:63100] PHP Stack trace:, referer: http://localhost/add.php
[Thu Apr 28 13:49:32.763088 2022] [php:notice] [pid 1009] [client 172.17.0.1:63100] PHP   1. {main}() /app/add.php:0, referer: http://localhost/add.php
[Thu Apr 28 13:49:32.765754 2022] [php:notice] [pid 1009] [client 172.17.0.1:63100] PHP Warning:  Undefined variable $_Get in /app/add.php on line 38, referer: http://localhost/add.php
[Thu Apr 28 13:49:32.769325 2022] [php:notice] [pid 1009] [client 172.17.0.1:63100] PHP Stack trace:, referer: http://localhost/add.php
[Thu Apr 28 13:49:32.770884 2022] [php:notice] [pid 1009] [client 172.17.0.1:63100] PHP   1. {main}() /app/add.php:0, referer: http://localhost/add.php
[Thu Apr 28 13:49:32.773211 2022] [php:notice] [pid 1009] [client 172.17.0.1:63100] PHP Warning:  Trying to access array offset on value of type null in /app/add.php on line 38, referer: http://localhost/add.php
[Thu Apr 28 13:49:32.775120 2022] [php:notice] [pid 1009] [client 172.17.0.1:63100] PHP Stack trace:, referer: http://localhost/add.php
[Thu Apr 28 13:49:32.776556 2022] [php:notice] [pid 1009] [client 172.17.0.1:63100] PHP   1. {main}() /app/add.php:0, referer: http://localhost/add.php
[Thu Apr 28 13:53:00.347772 2022] [php:notice] [pid 1867] [client 172.17.0.1:63112] PHP Warning:  Undefined variable $_Get in /app/add.php on line 37, referer: http://localhost/add.php
[Thu Apr 28 13:53:00.352618 2022] [php:notice] [pid 1867] [client 172.17.0.1:63112] PHP Stack trace:, referer: http://localhost/add.php
[Thu Apr 28 13:53:00.355003 2022] [php:notice] [pid 1867] [client 172.17.0.1:63112] PHP   1. {main}() /app/add.php:0, referer: http://localhost/add.php
[Thu Apr 28 13:53:00.357407 2022] [php:notice] [pid 1867] [client 172.17.0.1:63112] PHP Warning:  Trying to access array offset on value of type null in /app/add.php on line 37, referer: http://localhost/add.php
[Thu Apr 28 13:53:00.358515 2022] [php:notice] [pid 1867] [client 172.17.0.1:63112] PHP Stack trace:, referer: http://localhost/add.php
[Thu Apr 28 13:53:00.363496 2022] [php:notice] [pid 1867] [client 172.17.0.1:63112] PHP   1. {main}() /app/add.php:0, referer: http://localhost/add.php
[Thu Apr 28 13:53:00.366618 2022] [php:notice] [pid 1867] [client 172.17.0.1:63112] PHP Warning:  Undefined variable $_Get in /app/add.php on line 38, referer: http://localhost/add.php
[Thu Apr 28 13:53:00.368093 2022] [php:notice] [pid 1867] [client 172.17.0.1:63112] PHP Stack trace:, referer: http://localhost/add.php
[Thu Apr 28 13:53:00.369563 2022] [php:notice] [pid 1867] [client 172.17.0.1:63112] PHP   1. {main}() /app/add.php:0, referer: http://localhost/add.php
[Thu Apr 28 13:53:00.371999 2022] [php:notice] [pid 1867] [client 172.17.0.1:63112] PHP Warning:  Trying to access array offset on value of type null in /app/add.php on line 38, referer: http://localhost/add.php
[Thu Apr 28 13:53:00.373949 2022] [php:notice] [pid 1867] [client 172.17.0.1:63112] PHP Stack trace:, referer: http://localhost/add.php
[Thu Apr 28 13:53:00.374768 2022] [php:notice] [pid 1867] [client 172.17.0.1:63112] PHP   1. {main}() /app/add.php:0, referer: http://localhost/add.php
[Thu Apr 28 13:55:25.030564 2022] [php:notice] [pid 1007] [client 172.17.0.1:63116] PHP Warning:  Undefined variable $_Get in /app/add.php on line 39, referer: http://localhost/add.php
[Thu Apr 28 13:55:25.035067 2022] [php:notice] [pid 1007] [client 172.17.0.1:63116] PHP Stack trace:, referer: http://localhost/add.php
[Thu Apr 28 13:55:25.037248 2022] [php:notice] [pid 1007] [client 172.17.0.1:63116] PHP   1. {main}() /app/add.php:0, referer: http://localhost/add.php
[Thu Apr 28 13:55:25.040712 2022] [php:notice] [pid 1007] [client 172.17.0.1:63116] PHP Warning:  Trying to access array offset on value of type null in /app/add.php on line 39, referer: http://localhost/add.php
[Thu Apr 28 13:55:25.041821 2022] [php:notice] [pid 1007] [client 172.17.0.1:63116] PHP Stack trace:, referer: http://localhost/add.php
[Thu Apr 28 13:55:25.042398 2022] [php:notice] [pid 1007] [client 172.17.0.1:63116] PHP   1. {main}() /app/add.php:0, referer: http://localhost/add.php
[Thu Apr 28 13:55:25.047572 2022] [php:notice] [pid 1007] [client 172.17.0.1:63116] PHP Warning:  Undefined variable $_Get in /app/add.php on line 40, referer: http://localhost/add.php
[Thu Apr 28 13:55:25.048999 2022] [php:notice] [pid 1007] [client 172.17.0.1:63116] PHP Stack trace:, referer: http://localhost/add.php
[Thu Apr 28 13:55:25.050248 2022] [php:notice] [pid 1007] [client 172.17.0.1:63116] PHP   1. {main}() /app/add.php:0, referer: http://localhost/add.php
[Thu Apr 28 13:55:25.051388 2022] [php:notice] [pid 1007] [client 172.17.0.1:63116] PHP Warning:  Trying to access array offset on value of type null in /app/add.php on line 40, referer: http://localhost/add.php
[Thu Apr 28 13:55:25.052269 2022] [php:notice] [pid 1007] [client 172.17.0.1:63116] PHP Stack trace:, referer: http://localhost/add.php
[Thu Apr 28 13:55:25.053781 2022] [php:notice] [pid 1007] [client 172.17.0.1:63116] PHP   1. {main}() /app/add.php:0, referer: http://localhost/add.php
[Thu Apr 28 13:55:25.054723 2022] [php:notice] [pid 1007] [client 172.17.0.1:63116] PHP Warning:  Undefined variable $_Get in /app/add.php on line 41, referer: http://localhost/add.php
[Thu Apr 28 13:55:25.055530 2022] [php:notice] [pid 1007] [client 172.17.0.1:63116] PHP Stack trace:, referer: http://localhost/add.php
[Thu Apr 28 13:55:25.056018 2022] [php:notice] [pid 1007] [client 172.17.0.1:63116] PHP   1. {main}() /app/add.php:0, referer: http://localhost/add.php
[Thu Apr 28 13:55:25.056522 2022] [php:notice] [pid 1007] [client 172.17.0.1:63116] PHP Warning:  Trying to access array offset on value of type null in /app/add.php on line 41, referer: http://localhost/add.php
[Thu Apr 28 13:55:25.057028 2022] [php:notice] [pid 1007] [client 172.17.0.1:63116] PHP Stack trace:, referer: http://localhost/add.php
[Thu Apr 28 13:55:25.057944 2022] [php:notice] [pid 1007] [client 172.17.0.1:63116] PHP   1. {main}() /app/add.php:0, referer: http://localhost/add.php
[Thu Apr 28 13:58:02.290389 2022] [php:notice] [pid 1009] [client 172.17.0.1:63122] PHP Warning:  Undefined variable $_Get in /app/add.php on line 39, referer: http://localhost/add.php
[Thu Apr 28 13:58:02.316833 2022] [php:notice] [pid 1009] [client 172.17.0.1:63122] PHP Stack trace:, referer: http://localhost/add.php
[Thu Apr 28 13:58:02.319793 2022] [php:notice] [pid 1009] [client 172.17.0.1:63122] PHP   1. {main}() /app/add.php:0, referer: http://localhost/add.php
[Thu Apr 28 13:58:02.322882 2022] [php:notice] [pid 1009] [client 172.17.0.1:63122] PHP Warning:  Trying to access array offset on value of type null in /app/add.php on line 39, referer: http://localhost/add.php
[Thu Apr 28 13:58:02.324621 2022] [php:notice] [pid 1009] [client 172.17.0.1:63122] PHP Stack trace:, referer: http://localhost/add.php
[Thu Apr 28 13:58:02.325283 2022] [php:notice] [pid 1009] [client 172.17.0.1:63122] PHP   1. {main}() /app/add.php:0, referer: http://localhost/add.php
[Thu Apr 28 13:58:02.326290 2022] [php:notice] [pid 1009] [client 172.17.0.1:63122] PHP Warning:  Undefined variable $_Get in /app/add.php on line 40, referer: http://localhost/add.php
[Thu Apr 28 13:58:02.327292 2022] [php:notice] [pid 1009] [client 172.17.0.1:63122] PHP Stack trace:, referer: http://localhost/add.php
[Thu Apr 28 13:58:02.327875 2022] [php:notice] [pid 1009] [client 172.17.0.1:63122] PHP   1. {main}() /app/add.php:0, referer: http://localhost/add.php
[Thu Apr 28 13:58:02.329053 2022] [php:notice] [pid 1009] [client 172.17.0.1:63122] PHP Warning:  Trying to access array offset on value of type null in /app/add.php on line 40, referer: http://localhost/add.php
[Thu Apr 28 13:58:02.330292 2022] [php:notice] [pid 1009] [client 172.17.0.1:63122] PHP Stack trace:, referer: http://localhost/add.php
[Thu Apr 28 13:58:02.331152 2022] [php:notice] [pid 1009] [client 172.17.0.1:63122] PHP   1. {main}() /app/add.php:0, referer: http://localhost/add.php
[Thu Apr 28 13:58:02.332312 2022] [php:notice] [pid 1009] [client 172.17.0.1:63122] PHP Warning:  Undefined variable $_Get in /app/add.php on line 41, referer: http://localhost/add.php
[Thu Apr 28 13:58:02.332769 2022] [php:notice] [pid 1009] [client 172.17.0.1:63122] PHP Stack trace:, referer: http://localhost/add.php
[Thu Apr 28 13:58:02.334243 2022] [php:notice] [pid 1009] [client 172.17.0.1:63122] PHP   1. {main}() /app/add.php:0, referer: http://localhost/add.php
[Thu Apr 28 13:58:02.336249 2022] [php:notice] [pid 1009] [client 172.17.0.1:63122] PHP Warning:  Trying to access array offset on value of type null in /app/add.php on line 41, referer: http://localhost/add.php
[Thu Apr 28 13:58:02.337053 2022] [php:notice] [pid 1009] [client 172.17.0.1:63122] PHP Stack trace:, referer: http://localhost/add.php
[Thu Apr 28 13:58:02.337712 2022] [php:notice] [pid 1009] [client 172.17.0.1:63122] PHP   1. {main}() /app/add.php:0, referer: http://localhost/add.php
[Thu Apr 28 13:59:38.820211 2022] [php:notice] [pid 1865] [client 172.17.0.1:63126] PHP Warning:  Undefined variable $_Get in /app/add.php on line 39, referer: http://localhost/add.php
[Thu Apr 28 13:59:38.827364 2022] [php:notice] [pid 1865] [client 172.17.0.1:63126] PHP Stack trace:, referer: http://localhost/add.php
[Thu Apr 28 13:59:38.831836 2022] [php:notice] [pid 1865] [client 172.17.0.1:63126] PHP   1. {main}() /app/add.php:0, referer: http://localhost/add.php
[Thu Apr 28 13:59:38.842664 2022] [php:notice] [pid 1865] [client 172.17.0.1:63126] PHP Warning:  Trying to access array offset on value of type null in /app/add.php on line 39, referer: http://localhost/add.php
[Thu Apr 28 13:59:38.848458 2022] [php:notice] [pid 1865] [client 172.17.0.1:63126] PHP Stack trace:, referer: http://localhost/add.php
[Thu Apr 28 13:59:38.852338 2022] [php:notice] [pid 1865] [client 172.17.0.1:63126] PHP   1. {main}() /app/add.php:0, referer: http://localhost/add.php
[Thu Apr 28 13:59:38.872214 2022] [php:notice] [pid 1865] [client 172.17.0.1:63126] PHP Warning:  Undefined variable $_Get in /app/add.php on line 40, referer: http://localhost/add.php
[Thu Apr 28 13:59:38.874710 2022] [php:notice] [pid 1865] [client 172.17.0.1:63126] PHP Stack trace:, referer: http://localhost/add.php
[Thu Apr 28 13:59:38.875326 2022] [php:notice] [pid 1865] [client 172.17.0.1:63126] PHP   1. {main}() /app/add.php:0, referer: http://localhost/add.php
[Thu Apr 28 13:59:38.877703 2022] [php:notice] [pid 1865] [client 172.17.0.1:63126] PHP Warning:  Trying to access array offset on value of type null in /app/add.php on line 40, referer: http://localhost/add.php
[Thu Apr 28 13:59:38.878436 2022] [php:notice] [pid 1865] [client 172.17.0.1:63126] PHP Stack trace:, referer: http://localhost/add.php
[Thu Apr 28 13:59:38.879055 2022] [php:notice] [pid 1865] [client 172.17.0.1:63126] PHP   1. {main}() /app/add.php:0, referer: http://localhost/add.php
[Thu Apr 28 13:59:38.879872 2022] [php:notice] [pid 1865] [client 172.17.0.1:63126] PHP Warning:  Undefined variable $_Get in /app/add.php on line 41, referer: http://localhost/add.php
[Thu Apr 28 13:59:38.880894 2022] [php:notice] [pid 1865] [client 172.17.0.1:63126] PHP Stack trace:, referer: http://localhost/add.php
[Thu Apr 28 13:59:38.881504 2022] [php:notice] [pid 1865] [client 172.17.0.1:63126] PHP   1. {main}() /app/add.php:0, referer: http://localhost/add.php
[Thu Apr 28 13:59:38.882310 2022] [php:notice] [pid 1865] [client 172.17.0.1:63126] PHP Warning:  Trying to access array offset on value of type null in /app/add.php on line 41, referer: http://localhost/add.php
[Thu Apr 28 13:59:38.883328 2022] [php:notice] [pid 1865] [client 172.17.0.1:63126] PHP Stack trace:, referer: http://localhost/add.php
[Thu Apr 28 13:59:38.884131 2022] [php:notice] [pid 1865] [client 172.17.0.1:63126] PHP   1. {main}() /app/add.php:0, referer: http://localhost/add.php
[Thu Apr 28 14:04:01.222030 2022] [php:notice] [pid 1867] [client 172.17.0.1:63148] PHP Warning:  Undefined array key "userName" in /app/login.php on line 62, referer: http://localhost/login.php
[Thu Apr 28 14:04:01.225685 2022] [php:notice] [pid 1867] [client 172.17.0.1:63148] PHP Stack trace:, referer: http://localhost/login.php
[Thu Apr 28 14:04:01.227496 2022] [php:notice] [pid 1867] [client 172.17.0.1:63148] PHP   1. {main}() /app/login.php:0, referer: http://localhost/login.php
[Thu Apr 28 22:35:20.084163 2022] [php:notice] [pid 1009] [client 172.17.0.1:63178] PHP Warning:  Undefined array key "userName" in /app/login.php on line 62, referer: http://localhost/login.php
[Thu Apr 28 22:35:20.088728 2022] [php:notice] [pid 1009] [client 172.17.0.1:63178] PHP Stack trace:, referer: http://localhost/login.php
[Thu Apr 28 22:35:20.090479 2022] [php:notice] [pid 1009] [client 172.17.0.1:63178] PHP   1. {main}() /app/login.php:0, referer: http://localhost/login.php
[Mon May 02 18:53:09.311984 2022] [php:notice] [pid 1005] [client 172.17.0.1:63228] PHP Warning:  Undefined array key "userName" in /app/login.php on line 62, referer: http://localhost/login.php
[Mon May 02 18:53:09.318589 2022] [php:notice] [pid 1005] [client 172.17.0.1:63228] PHP Stack trace:, referer: http://localhost/login.php
[Mon May 02 18:53:09.319925 2022] [php:notice] [pid 1005] [client 172.17.0.1:63228] PHP   1. {main}() /app/login.php:0, referer: http://localhost/login.php
[Tue May 03 23:23:35.492929 2022] [php:notice] [pid 1008] [client 172.17.0.1:63236] PHP Warning:  Undefined array key "userName" in /app/login.php on line 62, referer: http://localhost/login.php
[Tue May 03 23:23:35.498407 2022] [php:notice] [pid 1008] [client 172.17.0.1:63236] PHP Stack trace:, referer: http://localhost/login.php
[Tue May 03 23:23:35.500831 2022] [php:notice] [pid 1008] [client 172.17.0.1:63236] PHP   1. {main}() /app/login.php:0, referer: http://localhost/login.php
[Tue May 03 23:42:54.336695 2022] [php:notice] [pid 1005] [client 172.17.0.1:63246] PHP Warning:  Undefined array key "studentID" in /app/delete.php on line 22, referer: http://localhost/index.php
[Tue May 03 23:42:54.341693 2022] [php:notice] [pid 1005] [client 172.17.0.1:63246] PHP Stack trace:, referer: http://localhost/index.php
[Tue May 03 23:42:54.342418 2022] [php:notice] [pid 1005] [client 172.17.0.1:63246] PHP   1. {main}() /app/delete.php:0, referer: http://localhost/index.php
[Tue May 03 23:42:54.345567 2022] [php:notice] [pid 1005] [client 172.17.0.1:63246] PHP Warning:  Undefined array key "studentID" in /app/delete.php on line 23, referer: http://localhost/index.php
[Tue May 03 23:42:54.346025 2022] [php:notice] [pid 1005] [client 172.17.0.1:63246] PHP Stack trace:, referer: http://localhost/index.php
[Tue May 03 23:42:54.346986 2022] [php:notice] [pid 1005] [client 172.17.0.1:63246] PHP   1. {main}() /app/delete.php:0, referer: http://localhost/index.php
[Tue May 03 23:43:29.022234 2022] [php:notice] [pid 1863] [client 172.17.0.1:63248] PHP Warning:  Undefined array key "studentID" in /app/delete.php on line 23, referer: http://localhost/index.php
[Tue May 03 23:43:29.024616 2022] [php:notice] [pid 1863] [client 172.17.0.1:63248] PHP Stack trace:, referer: http://localhost/index.php
[Tue May 03 23:43:29.027299 2022] [php:notice] [pid 1863] [client 172.17.0.1:63248] PHP   1. {main}() /app/delete.php:0, referer: http://localhost/index.php
[Tue May 03 23:43:29.034875 2022] [php:notice] [pid 1863] [client 172.17.0.1:63248] PHP Warning:  Undefined array key "studentID" in /app/delete.php on line 24, referer: http://localhost/index.php
[Tue May 03 23:43:29.035682 2022] [php:notice] [pid 1863] [client 172.17.0.1:63248] PHP Stack trace:, referer: http://localhost/index.php
[Tue May 03 23:43:29.036550 2022] [php:notice] [pid 1863] [client 172.17.0.1:63248] PHP   1. {main}() /app/delete.php:0, referer: http://localhost/index.php
[Tue May 03 23:44:47.784334 2022] [php:notice] [pid 1865] [client 172.17.0.1:63252] PHP Warning:  Undefined array key "studentID" in /app/delete.php on line 23, referer: http://localhost/index.php
[Tue May 03 23:44:47.785678 2022] [php:notice] [pid 1865] [client 172.17.0.1:63252] PHP Stack trace:, referer: http://localhost/index.php
[Tue May 03 23:44:47.786851 2022] [php:notice] [pid 1865] [client 172.17.0.1:63252] PHP   1. {main}() /app/delete.php:0, referer: http://localhost/index.php
[Tue May 03 23:44:47.789367 2022] [php:notice] [pid 1865] [client 172.17.0.1:63252] PHP Warning:  Undefined array key "studentID" in /app/delete.php on line 24, referer: http://localhost/index.php
[Tue May 03 23:44:47.791393 2022] [php:notice] [pid 1865] [client 172.17.0.1:63252] PHP Stack trace:, referer: http://localhost/index.php
[Tue May 03 23:44:47.792160 2022] [php:notice] [pid 1865] [client 172.17.0.1:63252] PHP   1. {main}() /app/delete.php:0, referer: http://localhost/index.php
[Tue May 03 23:44:51.937663 2022] [php:notice] [pid 1865] [client 172.17.0.1:63252] PHP Warning:  Undefined array key "studentID" in /app/delete.php on line 23, referer: http://localhost/delete.php
[Tue May 03 23:44:51.941887 2022] [php:notice] [pid 1865] [client 172.17.0.1:63252] PHP Stack trace:, referer: http://localhost/delete.php
[Tue May 03 23:44:51.945490 2022] [php:notice] [pid 1865] [client 172.17.0.1:63252] PHP   1. {main}() /app/delete.php:0, referer: http://localhost/delete.php
[Tue May 03 23:44:58.692303 2022] [php:notice] [pid 1867] [client 172.17.0.1:63256] PHP Warning:  Undefined array key "studentID" in /app/delete.php on line 23, referer: http://localhost/index.php
[Tue May 03 23:44:58.696456 2022] [php:notice] [pid 1867] [client 172.17.0.1:63256] PHP Stack trace:, referer: http://localhost/index.php
[Tue May 03 23:44:58.699778 2022] [php:notice] [pid 1867] [client 172.17.0.1:63256] PHP   1. {main}() /app/delete.php:0, referer: http://localhost/index.php
[Tue May 03 23:44:58.706053 2022] [php:notice] [pid 1867] [client 172.17.0.1:63256] PHP Warning:  Undefined array key "studentID" in /app/delete.php on line 24, referer: http://localhost/index.php
[Tue May 03 23:44:58.708155 2022] [php:notice] [pid 1867] [client 172.17.0.1:63256] PHP Stack trace:, referer: http://localhost/index.php
[Tue May 03 23:44:58.709648 2022] [php:notice] [pid 1867] [client 172.17.0.1:63256] PHP   1. {main}() /app/delete.php:0, referer: http://localhost/index.php
[Tue May 03 23:56:17.610588 2022] [php:notice] [pid 1861] [client 172.17.0.1:63260] PHP Warning:  Undefined array key "studentID" in /app/delete.php on line 23, referer: http://localhost/index.php
[Tue May 03 23:56:17.617703 2022] [php:notice] [pid 1861] [client 172.17.0.1:63260] PHP Stack trace:, referer: http://localhost/index.php
[Tue May 03 23:56:17.619692 2022] [php:notice] [pid 1861] [client 172.17.0.1:63260] PHP   1. {main}() /app/delete.php:0, referer: http://localhost/index.php
[Tue May 03 23:56:17.627764 2022] [php:notice] [pid 1861] [client 172.17.0.1:63260] PHP Warning:  Undefined array key "studentID" in /app/delete.php on line 24, referer: http://localhost/index.php
[Tue May 03 23:56:17.628402 2022] [php:notice] [pid 1861] [client 172.17.0.1:63260] PHP Stack trace:, referer: http://localhost/index.php
[Tue May 03 23:56:17.628874 2022] [php:notice] [pid 1861] [client 172.17.0.1:63260] PHP   1. {main}() /app/delete.php:0, referer: http://localhost/index.php
[Tue May 03 23:56:51.189506 2022] [php:notice] [pid 1007] [client 172.17.0.1:63262] PHP Warning:  Undefined array key "studentID" in /app/delete.php on line 23, referer: http://localhost/delete.php
[Tue May 03 23:56:51.193115 2022] [php:notice] [pid 1007] [client 172.17.0.1:63262] PHP Stack trace:, referer: http://localhost/delete.php
[Tue May 03 23:56:51.194613 2022] [php:notice] [pid 1007] [client 172.17.0.1:63262] PHP   1. {main}() /app/delete.php:0, referer: http://localhost/delete.php
[Tue May 03 23:56:51.221894 2022] [php:notice] [pid 1007] [client 172.17.0.1:63262] PHP Warning:  Undefined variable $statement in /app/delete.php on line 41, referer: http://localhost/delete.php
[Tue May 03 23:56:51.224806 2022] [php:notice] [pid 1007] [client 172.17.0.1:63262] PHP Stack trace:, referer: http://localhost/delete.php
[Tue May 03 23:56:51.226136 2022] [php:notice] [pid 1007] [client 172.17.0.1:63262] PHP   1. {main}() /app/delete.php:0, referer: http://localhost/delete.php
[Tue May 03 23:56:51.241420 2022] [php:notice] [pid 1007] [client 172.17.0.1:63262] PHP Fatal error:  Uncaught Error: Call to a member function execute() on null in /app/delete.php:41\nStack trace:\n#0 {main}\n  thrown in /app/delete.php on line 41, referer: http://localhost/delete.php
[Tue May 03 23:56:55.104092 2022] [php:notice] [pid 1005] [client 172.17.0.1:63264] PHP Warning:  Undefined array key "studentID" in /app/delete.php on line 23, referer: http://localhost/index.php
[Tue May 03 23:56:55.109724 2022] [php:notice] [pid 1005] [client 172.17.0.1:63264] PHP Stack trace:, referer: http://localhost/index.php
[Tue May 03 23:56:55.115351 2022] [php:notice] [pid 1005] [client 172.17.0.1:63264] PHP   1. {main}() /app/delete.php:0, referer: http://localhost/index.php
[Tue May 03 23:56:55.119122 2022] [php:notice] [pid 1005] [client 172.17.0.1:63264] PHP Warning:  Undefined array key "studentID" in /app/delete.php on line 24, referer: http://localhost/index.php
[Tue May 03 23:56:55.123252 2022] [php:notice] [pid 1005] [client 172.17.0.1:63264] PHP Stack trace:, referer: http://localhost/index.php
[Tue May 03 23:56:55.125177 2022] [php:notice] [pid 1005] [client 172.17.0.1:63264] PHP   1. {main}() /app/delete.php:0, referer: http://localhost/index.php
[Tue May 03 23:58:45.480038 2022] [php:notice] [pid 1863] [client 172.17.0.1:63266] PHP Warning:  Undefined array key "studentID" in /app/delete.php on line 23, referer: http://localhost/index.php
[Tue May 03 23:58:45.484426 2022] [php:notice] [pid 1863] [client 172.17.0.1:63266] PHP Stack trace:, referer: http://localhost/index.php
[Tue May 03 23:58:45.486758 2022] [php:notice] [pid 1863] [client 172.17.0.1:63266] PHP   1. {main}() /app/delete.php:0, referer: http://localhost/index.php
[Tue May 03 23:58:45.489778 2022] [php:notice] [pid 1863] [client 172.17.0.1:63266] PHP Warning:  Undefined array key "studentID" in /app/delete.php on line 24, referer: http://localhost/index.php
[Tue May 03 23:58:45.492183 2022] [php:notice] [pid 1863] [client 172.17.0.1:63266] PHP Stack trace:, referer: http://localhost/index.php
[Tue May 03 23:58:45.493546 2022] [php:notice] [pid 1863] [client 172.17.0.1:63266] PHP   1. {main}() /app/delete.php:0, referer: http://localhost/index.php
[Tue May 03 23:58:47.687563 2022] [php:notice] [pid 1863] [client 172.17.0.1:63266] PHP Warning:  Undefined array key "studentID" in /app/delete.php on line 23, referer: http://localhost/delete.php
[Tue May 03 23:58:47.691588 2022] [php:notice] [pid 1863] [client 172.17.0.1:63266] PHP Stack trace:, referer: http://localhost/delete.php
[Tue May 03 23:58:47.694933 2022] [php:notice] [pid 1863] [client 172.17.0.1:63266] PHP   1. {main}() /app/delete.php:0, referer: http://localhost/delete.php
[Tue May 03 23:58:47.766264 2022] [php:notice] [pid 1863] [client 172.17.0.1:63266] PHP Fatal error:  Uncaught PDOException: SQLSTATE[42S22]: Column not found: 1054 Unknown column 'id' in 'where clause' in /app/delete.php:36\nStack trace:\n#0 /app/delete.php(36): PDO->exec()\n#1 {main}\n  thrown in /app/delete.php on line 36, referer: http://localhost/delete.php
[Tue May 03 23:58:51.389805 2022] [php:notice] [pid 1009] [client 172.17.0.1:63268] PHP Warning:  Undefined array key "studentID" in /app/delete.php on line 23, referer: http://localhost/index.php
[Tue May 03 23:58:51.397196 2022] [php:notice] [pid 1009] [client 172.17.0.1:63268] PHP Stack trace:, referer: http://localhost/index.php
[Tue May 03 23:58:51.401419 2022] [php:notice] [pid 1009] [client 172.17.0.1:63268] PHP   1. {main}() /app/delete.php:0, referer: http://localhost/index.php
[Tue May 03 23:58:51.409766 2022] [php:notice] [pid 1009] [client 172.17.0.1:63268] PHP Warning:  Undefined array key "studentID" in /app/delete.php on line 24, referer: http://localhost/index.php
[Tue May 03 23:58:51.411752 2022] [php:notice] [pid 1009] [client 172.17.0.1:63268] PHP Stack trace:, referer: http://localhost/index.php
[Tue May 03 23:58:51.413297 2022] [php:notice] [pid 1009] [client 172.17.0.1:63268] PHP   1. {main}() /app/delete.php:0, referer: http://localhost/index.php
[Tue May 03 23:59:16.917382 2022] [php:notice] [pid 1865] [client 172.17.0.1:63270] PHP Fatal error:  Uncaught PDOException: SQLSTATE[42S22]: Column not found: 1054 Unknown column 'id' in 'where clause' in /app/delete.php:36\nStack trace:\n#0 /app/delete.php(36): PDO->exec()\n#1 {main}\n  thrown in /app/delete.php on line 36, referer: http://localhost/delete.php
[Tue May 03 23:59:22.643507 2022] [php:notice] [pid 1008] [client 172.17.0.1:63272] PHP Fatal error:  Uncaught PDOException: SQLSTATE[42S22]: Column not found: 1054 Unknown column 'id' in 'where clause' in /app/delete.php:36\nStack trace:\n#0 /app/delete.php(36): PDO->exec()\n#1 {main}\n  thrown in /app/delete.php on line 36, referer: http://localhost/delete.php
[Wed May 04 00:35:33.522665 2022] [php:notice] [pid 1003] [client 172.17.0.1:63294] PHP Warning:  Undefined array key "loggedIn" in /app/index.php on line 11, referer: http://localhost/index.php
[Wed May 04 00:35:33.527865 2022] [php:notice] [pid 1003] [client 172.17.0.1:63294] PHP Stack trace:, referer: http://localhost/index.php
[Wed May 04 00:35:33.529596 2022] [php:notice] [pid 1003] [client 172.17.0.1:63294] PHP   1. {main}() /app/index.php:0, referer: http://localhost/index.php
[Wed May 04 00:35:44.288545 2022] [php:notice] [pid 1861] [client 172.17.0.1:63296] PHP Fatal error:  Uncaught ArgumentCountError: password_verify() expects exactly 2 arguments, 1 given in /app/login.php:73\nStack trace:\n#0 /app/login.php(73): password_verify()\n#1 {main}\n  thrown in /app/login.php on line 73, referer: http://localhost/login.php
[Wed May 04 00:35:52.019641 2022] [php:notice] [pid 1007] [client 172.17.0.1:63298] PHP Fatal error:  Uncaught ArgumentCountError: password_verify() expects exactly 2 arguments, 1 given in /app/login.php:73\nStack trace:\n#0 /app/login.php(73): password_verify()\n#1 {main}\n  thrown in /app/login.php on line 73, referer: http://localhost/login.php
[Wed May 04 00:35:56.272254 2022] [php:notice] [pid 1005] [client 172.17.0.1:63300] PHP Warning:  Undefined array key "loggedIn" in /app/index.php on line 11
[Wed May 04 00:35:56.276158 2022] [php:notice] [pid 1005] [client 172.17.0.1:63300] PHP Stack trace:
[Wed May 04 00:35:56.280510 2022] [php:notice] [pid 1005] [client 172.17.0.1:63300] PHP   1. {main}() /app/index.php:0
[Wed May 04 00:36:22.547766 2022] [php:notice] [pid 1009] [client 172.17.0.1:63302] PHP Fatal error:  Uncaught ArgumentCountError: password_verify() expects exactly 2 arguments, 1 given in /app/login.php:73\nStack trace:\n#0 /app/login.php(73): password_verify()\n#1 {main}\n  thrown in /app/login.php on line 73, referer: http://localhost/login.php
[Wed May 04 00:43:18.754516 2022] [php:notice] [pid 1867] [client 172.17.0.1:63308] PHP Warning:  Undefined array key "userName" in /app/login.php on line 62, referer: http://localhost/login.php
[Wed May 04 00:43:18.757585 2022] [php:notice] [pid 1867] [client 172.17.0.1:63308] PHP Stack trace:, referer: http://localhost/login.php
[Wed May 04 00:43:18.758766 2022] [php:notice] [pid 1867] [client 172.17.0.1:63308] PHP   1. {main}() /app/login.php:0, referer: http://localhost/login.php
[Wed May 04 00:43:58.572619 2022] [php:notice] [pid 1003] [client 172.17.0.1:63312] PHP Warning:  Undefined array key "userName" in /app/login.php on line 62, referer: http://localhost/login.php
[Wed May 04 00:43:58.574947 2022] [php:notice] [pid 1003] [client 172.17.0.1:63312] PHP Stack trace:, referer: http://localhost/login.php
[Wed May 04 00:43:58.576637 2022] [php:notice] [pid 1003] [client 172.17.0.1:63312] PHP   1. {main}() /app/login.php:0, referer: http://localhost/login.php
[Wed May 04 00:53:49.567010 2022] [php:notice] [pid 1861] [client 172.17.0.1:63314] PHP Fatal error:  Uncaught ArgumentCountError: password_verify() expects exactly 2 arguments, 1 given in /app/login.php:73\nStack trace:\n#0 /app/login.php(73): password_verify()\n#1 {main}\n  thrown in /app/login.php on line 73, referer: http://localhost/login.php
[Wed May 04 00:53:53.956084 2022] [php:notice] [pid 1007] [client 172.17.0.1:63316] PHP Fatal error:  Uncaught ArgumentCountError: password_verify() expects exactly 2 arguments, 1 given in /app/login.php:73\nStack trace:\n#0 /app/login.php(73): password_verify()\n#1 {main}\n  thrown in /app/login.php on line 73, referer: http://localhost/login.php
[Wed May 04 00:54:00.836961 2022] [php:notice] [pid 1005] [client 172.17.0.1:63318] PHP Warning:  Undefined array key "userName" in /app/login.php on line 62, referer: http://localhost/login.php
[Wed May 04 00:54:00.838682 2022] [php:notice] [pid 1005] [client 172.17.0.1:63318] PHP Stack trace:, referer: http://localhost/login.php
[Wed May 04 00:54:00.839931 2022] [php:notice] [pid 1005] [client 172.17.0.1:63318] PHP   1. {main}() /app/login.php:0, referer: http://localhost/login.php
[Wed May 04 00:59:33.748948 2022] [php:notice] [pid 1009] [client 172.17.0.1:63320] PHP Warning:  Undefined array key "userName" in /app/login.php on line 62, referer: http://localhost/login.php
[Wed May 04 00:59:33.750466 2022] [php:notice] [pid 1009] [client 172.17.0.1:63320] PHP Stack trace:, referer: http://localhost/login.php
[Wed May 04 00:59:33.751496 2022] [php:notice] [pid 1009] [client 172.17.0.1:63320] PHP   1. {main}() /app/login.php:0, referer: http://localhost/login.php
[Wed May 04 00:59:40.213858 2022] [php:notice] [pid 1865] [client 172.17.0.1:63322] PHP Warning:  Undefined array key "userName" in /app/login.php on line 62, referer: http://localhost/login.php
[Wed May 04 00:59:40.215411 2022] [php:notice] [pid 1865] [client 172.17.0.1:63322] PHP Stack trace:, referer: http://localhost/login.php
[Wed May 04 00:59:40.216864 2022] [php:notice] [pid 1865] [client 172.17.0.1:63322] PHP   1. {main}() /app/login.php:0, referer: http://localhost/login.php
[Wed May 04 00:59:48.601756 2022] [php:notice] [pid 1863] [client 172.17.0.1:63324] PHP Warning:  Undefined array key "userName" in /app/login.php on line 62, referer: http://localhost/login.php
[Wed May 04 00:59:48.606762 2022] [php:notice] [pid 1863] [client 172.17.0.1:63324] PHP Stack trace:, referer: http://localhost/login.php
[Wed May 04 00:59:48.609330 2022] [php:notice] [pid 1863] [client 172.17.0.1:63324] PHP   1. {main}() /app/login.php:0, referer: http://localhost/login.php
[Wed May 04 01:00:03.107763 2022] [php:notice] [pid 1867] [client 172.17.0.1:63326] PHP Warning:  Undefined array key "userName" in /app/login.php on line 62, referer: http://localhost/login.php
[Wed May 04 01:00:03.109686 2022] [php:notice] [pid 1867] [client 172.17.0.1:63326] PHP Stack trace:, referer: http://localhost/login.php
[Wed May 04 01:00:03.111209 2022] [php:notice] [pid 1867] [client 172.17.0.1:63326] PHP   1. {main}() /app/login.php:0, referer: http://localhost/login.php
[Wed May 04 01:00:09.248538 2022] [php:notice] [pid 1008] [client 172.17.0.1:63328] PHP Warning:  Undefined array key "userName" in /app/login.php on line 62, referer: http://localhost/login.php
[Wed May 04 01:00:09.252233 2022] [php:notice] [pid 1008] [client 172.17.0.1:63328] PHP Stack trace:, referer: http://localhost/login.php
[Wed May 04 01:00:09.254414 2022] [php:notice] [pid 1008] [client 172.17.0.1:63328] PHP   1. {main}() /app/login.php:0, referer: http://localhost/login.php
[Wed May 04 01:00:20.106735 2022] [php:notice] [pid 1003] [client 172.17.0.1:63330] PHP Warning:  Undefined array key "userName" in /app/login.php on line 62, referer: http://localhost/login.php
[Wed May 04 01:00:20.107944 2022] [php:notice] [pid 1003] [client 172.17.0.1:63330] PHP Stack trace:, referer: http://localhost/login.php
[Wed May 04 01:00:20.109517 2022] [php:notice] [pid 1003] [client 172.17.0.1:63330] PHP   1. {main}() /app/login.php:0, referer: http://localhost/login.php
[Wed May 04 01:00:23.117561 2022] [php:notice] [pid 1003] [client 172.17.0.1:63330] PHP Warning:  Undefined array key "userName" in /app/login.php on line 62, referer: http://localhost/login.php
[Wed May 04 01:00:23.119800 2022] [php:notice] [pid 1003] [client 172.17.0.1:63330] PHP Stack trace:, referer: http://localhost/login.php
[Wed May 04 01:00:23.121344 2022] [php:notice] [pid 1003] [client 172.17.0.1:63330] PHP   1. {main}() /app/login.php:0, referer: http://localhost/login.php
[Wed May 04 01:01:00.524885 2022] [php:notice] [pid 1861] [client 172.17.0.1:63332] PHP Warning:  Undefined array key "userName" in /app/login.php on line 62, referer: http://localhost/login.php
[Wed May 04 01:01:00.527468 2022] [php:notice] [pid 1861] [client 172.17.0.1:63332] PHP Stack trace:, referer: http://localhost/login.php
[Wed May 04 01:01:00.528185 2022] [php:notice] [pid 1861] [client 172.17.0.1:63332] PHP   1. {main}() /app/login.php:0, referer: http://localhost/login.php
[Wed May 04 01:01:03.970303 2022] [php:notice] [pid 1861] [client 172.17.0.1:63332] PHP Warning:  Undefined array key "userName" in /app/login.php on line 62, referer: http://localhost/login.php
[Wed May 04 01:01:03.972884 2022] [php:notice] [pid 1861] [client 172.17.0.1:63332] PHP Stack trace:, referer: http://localhost/login.php
[Wed May 04 01:01:03.974981 2022] [php:notice] [pid 1861] [client 172.17.0.1:63332] PHP   1. {main}() /app/login.php:0, referer: http://localhost/login.php
[Wed May 04 01:02:29.009900 2022] [php:notice] [pid 1007] [client 172.17.0.1:63334] PHP Warning:  Undefined array key "userName" in /app/login.php on line 62, referer: http://localhost/login.php
[Wed May 04 01:02:29.011411 2022] [php:notice] [pid 1007] [client 172.17.0.1:63334] PHP Stack trace:, referer: http://localhost/login.php
[Wed May 04 01:02:29.012172 2022] [php:notice] [pid 1007] [client 172.17.0.1:63334] PHP   1. {main}() /app/login.php:0, referer: http://localhost/login.php
[Wed May 04 01:02:33.846145 2022] [php:notice] [pid 1005] [client 172.17.0.1:63336] PHP Warning:  Undefined array key "userName" in /app/login.php on line 62, referer: http://localhost/login.php
[Wed May 04 01:02:33.847964 2022] [php:notice] [pid 1005] [client 172.17.0.1:63336] PHP Stack trace:, referer: http://localhost/login.php
[Wed May 04 01:02:33.848948 2022] [php:notice] [pid 1005] [client 172.17.0.1:63336] PHP   1. {main}() /app/login.php:0, referer: http://localhost/login.php
[Wed May 04 01:03:25.361069 2022] [php:notice] [pid 1009] [client 172.17.0.1:63338] PHP Warning:  Undefined array key "userName" in /app/login.php on line 62, referer: http://localhost/login.php
[Wed May 04 01:03:25.363723 2022] [php:notice] [pid 1009] [client 172.17.0.1:63338] PHP Stack trace:, referer: http://localhost/login.php
[Wed May 04 01:03:25.364836 2022] [php:notice] [pid 1009] [client 172.17.0.1:63338] PHP   1. {main}() /app/login.php:0, referer: http://localhost/login.php
[Wed May 04 01:03:28.610987 2022] [php:notice] [pid 1009] [client 172.17.0.1:63338] PHP Warning:  Undefined array key "username" in /app/login.php on line 40, referer: http://localhost/login.php
[Wed May 04 01:03:28.613798 2022] [php:notice] [pid 1009] [client 172.17.0.1:63338] PHP Stack trace:, referer: http://localhost/login.php
[Wed May 04 01:03:28.616667 2022] [php:notice] [pid 1009] [client 172.17.0.1:63338] PHP   1. {main}() /app/login.php:0, referer: http://localhost/login.php
[Wed May 04 01:03:35.908900 2022] [php:notice] [pid 1865] [client 172.17.0.1:63340] PHP Warning:  Undefined array key "username" in /app/login.php on line 40, referer: http://localhost/login.php
[Wed May 04 01:03:35.911909 2022] [php:notice] [pid 1865] [client 172.17.0.1:63340] PHP Stack trace:, referer: http://localhost/login.php
[Wed May 04 01:03:35.913122 2022] [php:notice] [pid 1865] [client 172.17.0.1:63340] PHP   1. {main}() /app/login.php:0, referer: http://localhost/login.php
[Wed May 04 01:04:17.519119 2022] [php:notice] [pid 1863] [client 172.17.0.1:63342] PHP Fatal error:  Uncaught ArgumentCountError: password_verify() expects exactly 2 arguments, 1 given in /app/login.php:73\nStack trace:\n#0 /app/login.php(73): password_verify()\n#1 {main}\n  thrown in /app/login.php on line 73, referer: http://localhost/login.php
[Wed May 04 01:04:30.559732 2022] [php:notice] [pid 1867] [client 172.17.0.1:63344] PHP Warning:  Undefined array key "username" in /app/login.php on line 40, referer: http://localhost/login.php
[Wed May 04 01:04:30.560861 2022] [php:notice] [pid 1867] [client 172.17.0.1:63344] PHP Stack trace:, referer: http://localhost/login.php
[Wed May 04 01:04:30.562436 2022] [php:notice] [pid 1867] [client 172.17.0.1:63344] PHP   1. {main}() /app/login.php:0, referer: http://localhost/login.php
[Wed May 04 01:05:41.629564 2022] [php:notice] [pid 1008] [client 172.17.0.1:63346] PHP Warning:  Undefined array key "username" in /app/login.php on line 40, referer: http://localhost/login.php
[Wed May 04 01:05:41.631500 2022] [php:notice] [pid 1008] [client 172.17.0.1:63346] PHP Stack trace:, referer: http://localhost/login.php
[Wed May 04 01:05:41.632821 2022] [php:notice] [pid 1008] [client 172.17.0.1:63346] PHP   1. {main}() /app/login.php:0, referer: http://localhost/login.php
[Wed May 04 01:05:47.254936 2022] [php:notice] [pid 1003] [client 172.17.0.1:63348] PHP Warning:  Undefined array key "userName" in /app/login.php on line 62, referer: http://localhost/login.php
[Wed May 04 01:05:47.258057 2022] [php:notice] [pid 1003] [client 172.17.0.1:63348] PHP Stack trace:, referer: http://localhost/login.php
[Wed May 04 01:05:47.260174 2022] [php:notice] [pid 1003] [client 172.17.0.1:63348] PHP   1. {main}() /app/login.php:0, referer: http://localhost/login.php
[Wed May 04 01:07:41.474742 2022] [php:notice] [pid 1861] [client 172.17.0.1:63350] PHP Warning:  Undefined array key "userName" in /app/login.php on line 62, referer: http://localhost/login.php
[Wed May 04 01:07:41.476064 2022] [php:notice] [pid 1861] [client 172.17.0.1:63350] PHP Stack trace:, referer: http://localhost/login.php
[Wed May 04 01:07:41.476825 2022] [php:notice] [pid 1861] [client 172.17.0.1:63350] PHP   1. {main}() /app/login.php:0, referer: http://localhost/login.php
[Wed May 04 01:07:41.487707 2022] [php:notice] [pid 1861] [client 172.17.0.1:63350] PHP Fatal error:  Uncaught PDOException: SQLSTATE[HY093]: Invalid parameter number: number of bound variables does not match number of tokens in /app/login.php:65\nStack trace:\n#0 /app/login.php(65): PDOStatement->execute()\n#1 {main}\n  thrown in /app/login.php on line 65, referer: http://localhost/login.php
[Wed May 04 01:07:47.815042 2022] [php:notice] [pid 1007] [client 172.17.0.1:63352] PHP Warning:  Undefined array key "userName" in /app/login.php on line 62, referer: http://localhost/login.php
[Wed May 04 01:07:47.818474 2022] [php:notice] [pid 1007] [client 172.17.0.1:63352] PHP Stack trace:, referer: http://localhost/login.php
[Wed May 04 01:07:47.819730 2022] [php:notice] [pid 1007] [client 172.17.0.1:63352] PHP   1. {main}() /app/login.php:0, referer: http://localhost/login.php
[Wed May 04 01:08:32.940794 2022] [php:notice] [pid 1005] [client 172.17.0.1:63354] PHP Warning:  Undefined array key "userName" in /app/login.php on line 62, referer: http://localhost/login.php
[Wed May 04 01:08:32.941971 2022] [php:notice] [pid 1005] [client 172.17.0.1:63354] PHP Stack trace:, referer: http://localhost/login.php
[Wed May 04 01:08:32.942712 2022] [php:notice] [pid 1005] [client 172.17.0.1:63354] PHP   1. {main}() /app/login.php:0, referer: http://localhost/login.php
[Wed May 04 01:08:37.436386 2022] [php:notice] [pid 1009] [client 172.17.0.1:63356] PHP Warning:  Undefined array key "userName" in /app/login.php on line 62, referer: http://localhost/login.php
[Wed May 04 01:08:37.438673 2022] [php:notice] [pid 1009] [client 172.17.0.1:63356] PHP Stack trace:, referer: http://localhost/login.php
[Wed May 04 01:08:37.440023 2022] [php:notice] [pid 1009] [client 172.17.0.1:63356] PHP   1. {main}() /app/login.php:0, referer: http://localhost/login.php
[Wed May 04 01:09:01.133071 2022] [php:notice] [pid 1865] [client 172.17.0.1:63358] PHP Warning:  Undefined array key "userName" in /app/login.php on line 62, referer: http://localhost/login.php
