[Wed May 04 01:09:01.134429 2022] [php:notice] [pid 1865] [client 172.17.0.1:63358] PHP Stack trace:, referer: http://localhost/login.php
[Wed May 04 01:09:01.135168 2022] [php:notice] [pid 1865] [client 172.17.0.1:63358] PHP   1. {main}() /app/login.php:0, referer: http://localhost/login.php
[Wed May 04 01:09:05.095931 2022] [php:notice] [pid 1865] [client 172.17.0.1:63358] PHP Warning:  Undefined array key "userName" in /app/login.php on line 62, referer: http://localhost/login.php
[Wed May 04 01:09:05.098827 2022] [php:notice] [pid 1865] [client 172.17.0.1:63358] PHP Stack trace:, referer: http://localhost/login.php
[Wed May 04 01:09:05.101759 2022] [php:notice] [pid 1865] [client 172.17.0.1:63358] PHP   1. {main}() /app/login.php:0, referer: http://localhost/login.php
[Wed May 04 01:15:55.505017 2022] [php:notice] [pid 1863] [client 172.17.0.1:63360] PHP Warning:  Undefined array key "userName" in /app/login.php on line 62, referer: http://localhost/login.php
[Wed May 04 01:15:55.507022 2022] [php:notice] [pid 1863] [client 172.17.0.1:63360] PHP Stack trace:, referer: http://localhost/login.php
[Wed May 04 01:15:55.508171 2022] [php:notice] [pid 1863] [client 172.17.0.1:63360] PHP   1. {main}() /app/login.php:0, referer: http://localhost/login.php
[Wed May 04 01:16:00.245286 2022] [php:notice] [pid 1867] [client 172.17.0.1:63362] PHP Warning:  Undefined array key "userName" in /app/login.php on line 62, referer: http://localhost/login.php
[Wed May 04 01:16:00.247337 2022] [php:notice] [pid 1867] [client 172.17.0.1:63362] PHP Stack trace:, referer: http://localhost/login.php
[Wed May 04 01:16:00.248358 2022] [php:notice] [pid 1867] [client 172.17.0.1:63362] PHP   1. {main}() /app/login.php:0, referer: http://localhost/login.php
[Wed May 04 15:09:35.062524 2022] [php:notice] [pid 1008] [client 172.17.0.1:63364] PHP Warning:  Undefined array key "loggedIn" in /app/index.php on line 11
[Wed May 04 15:09:35.067779 2022] [php:notice] [pid 1008] [client 172.17.0.1:63364] PHP Stack trace:
[Wed May 04 15:09:35.080661 2022] [php:notice] [pid 1008] [client 172.17.0.1:63364] PHP   1. {main}() /app/index.php:0
[Wed May 04 15:09:40.676161 2022] [php:notice] [pid 1861] [client 172.17.0.1:63368] PHP Warning:  Undefined array key "loggedIn" in /app/index.php on line 11
[Wed May 04 15:09:40.679098 2022] [php:notice] [pid 1861] [client 172.17.0.1:63368] PHP Stack trace:
[Wed May 04 15:09:40.680413 2022] [php:notice] [pid 1861] [client 172.17.0.1:63368] PHP   1. {main}() /app/index.php:0
[Wed May 04 15:14:47.650869 2022] [php:notice] [pid 1005] [client 172.17.0.1:63372] PHP Warning:  Undefined array key "userName" in /app/login.php on line 62, referer: http://localhost/login.php
[Wed May 04 15:14:47.653807 2022] [php:notice] [pid 1005] [client 172.17.0.1:63372] PHP Stack trace:, referer: http://localhost/login.php
[Wed May 04 15:14:47.654479 2022] [php:notice] [pid 1005] [client 172.17.0.1:63372] PHP   1. {main}() /app/login.php:0, referer: http://localhost/login.php
[Wed May 04 15:17:49.530265 2022] [php:notice] [pid 1009] [client 172.17.0.1:63374] PHP Warning:  Undefined array key "userName" in /app/login.php on line 43, referer: http://localhost/login.php
[Wed May 04 15:17:49.532259 2022] [php:notice] [pid 1009] [client 172.17.0.1:63374] PHP Stack trace:, referer: http://localhost/login.php
[Wed May 04 15:17:49.533294 2022] [php:notice] [pid 1009] [client 172.17.0.1:63374] PHP   1. {main}() /app/login.php:0, referer: http://localhost/login.php
[Wed May 04 15:17:49.534363 2022] [php:notice] [pid 1009] [client 172.17.0.1:63374] PHP Warning:  Undefined array key "userPassword" in /app/login.php on line 50, referer: http://localhost/login.php
[Wed May 04 15:17:49.535315 2022] [php:notice] [pid 1009] [client 172.17.0.1:63374] PHP Stack trace:, referer: http://localhost/login.php
[Wed May 04 15:17:49.535833 2022] [php:notice] [pid 1009] [client 172.17.0.1:63374] PHP   1. {main}() /app/login.php:0, referer: http://localhost/login.php
[Wed May 04 15:17:49.537007 2022] [php:notice] [pid 1009] [client 172.17.0.1:63374] PHP Warning:  Undefined array key "userName" in /app/login.php on line 62, referer: http://localhost/login.php
[Wed May 04 15:17:49.537734 2022] [php:notice] [pid 1009] [client 172.17.0.1:63374] PHP Stack trace:, referer: http://localhost/login.php
[Wed May 04 15:17:49.538805 2022] [php:notice] [pid 1009] [client 172.17.0.1:63374] PHP   1. {main}() /app/login.php:0, referer: http://localhost/login.php
[Wed May 04 15:17:55.436300 2022] [php:notice] [pid 1865] [client 172.17.0.1:63376] PHP Warning:  Undefined array key "userName" in /app/login.php on line 43, referer: http://localhost/login.php
[Wed May 04 15:17:55.438390 2022] [php:notice] [pid 1865] [client 172.17.0.1:63376] PHP Stack trace:, referer: http://localhost/login.php
[Wed May 04 15:17:55.439848 2022] [php:notice] [pid 1865] [client 172.17.0.1:63376] PHP   1. {main}() /app/login.php:0, referer: http://localhost/login.php
[Wed May 04 15:17:55.440574 2022] [php:notice] [pid 1865] [client 172.17.0.1:63376] PHP Warning:  Undefined array key "userPassword" in /app/login.php on line 50, referer: http://localhost/login.php
[Wed May 04 15:17:55.441145 2022] [php:notice] [pid 1865] [client 172.17.0.1:63376] PHP Stack trace:, referer: http://localhost/login.php
[Wed May 04 15:17:55.441987 2022] [php:notice] [pid 1865] [client 172.17.0.1:63376] PHP   1. {main}() /app/login.php:0, referer: http://localhost/login.php
[Wed May 04 15:17:55.444508 2022] [php:notice] [pid 1865] [client 172.17.0.1:63376] PHP Warning:  Undefined array key "userName" in /app/login.php on line 62, referer: http://localhost/login.php
[Wed May 04 15:17:55.445006 2022] [php:notice] [pid 1865] [client 172.17.0.1:63376] PHP Stack trace:, referer: http://localhost/login.php
[Wed May 04 15:17:55.446328 2022] [php:notice] [pid 1865] [client 172.17.0.1:63376] PHP   1. {main}() /app/login.php:0, referer: http://localhost/login.php
[Wed May 04 15:18:06.201608 2022] [php:notice] [pid 1863] [client 172.17.0.1:63378] PHP Warning:  Undefined array key "userName" in /app/login.php on line 62, referer: http://localhost/login.php
[Wed May 04 15:18:06.203333 2022] [php:notice] [pid 1863] [client 172.17.0.1:63378] PHP Stack trace:, referer: http://localhost/login.php
[Wed May 04 15:18:06.207496 2022] [php:notice] [pid 1863] [client 172.17.0.1:63378] PHP   1. {main}() /app/login.php:0, referer: http://localhost/login.php
[Wed May 04 15:18:11.577749 2022] [php:notice] [pid 1867] [client 172.17.0.1:63380] PHP Warning:  Undefined array key "userName" in /app/login.php on line 62, referer: http://localhost/login.php
[Wed May 04 15:18:11.580676 2022] [php:notice] [pid 1867] [client 172.17.0.1:63380] PHP Stack trace:, referer: http://localhost/login.php
[Wed May 04 15:18:11.581874 2022] [php:notice] [pid 1867] [client 172.17.0.1:63380] PHP   1. {main}() /app/login.php:0, referer: http://localhost/login.php
[Wed May 04 15:18:39.745684 2022] [php:notice] [pid 1003] [client 172.17.0.1:63382] PHP Warning:  Undefined array key "userName" in /app/login.php on line 40, referer: http://localhost/login.php
[Wed May 04 15:18:39.747995 2022] [php:notice] [pid 1003] [client 172.17.0.1:63382] PHP Stack trace:, referer: http://localhost/login.php
[Wed May 04 15:18:39.749174 2022] [php:notice] [pid 1003] [client 172.17.0.1:63382] PHP   1. {main}() /app/login.php:0, referer: http://localhost/login.php
[Wed May 04 15:18:39.751661 2022] [php:notice] [pid 1003] [client 172.17.0.1:63382] PHP Warning:  Undefined array key "userPassword" in /app/login.php on line 47, referer: http://localhost/login.php
[Wed May 04 15:18:39.752798 2022] [php:notice] [pid 1003] [client 172.17.0.1:63382] PHP Stack trace:, referer: http://localhost/login.php
[Wed May 04 15:18:39.753748 2022] [php:notice] [pid 1003] [client 172.17.0.1:63382] PHP   1. {main}() /app/login.php:0, referer: http://localhost/login.php
[Wed May 04 15:18:46.383078 2022] [php:notice] [pid 1008] [client 172.17.0.1:63384] PHP Warning:  Undefined array key "userName" in /app/login.php on line 40, referer: http://localhost/login.php
[Wed May 04 15:18:46.384227 2022] [php:notice] [pid 1008] [client 172.17.0.1:63384] PHP Stack trace:, referer: http://localhost/login.php
[Wed May 04 15:18:46.385941 2022] [php:notice] [pid 1008] [client 172.17.0.1:63384] PHP   1. {main}() /app/login.php:0, referer: http://localhost/login.php
[Wed May 04 15:18:46.388121 2022] [php:notice] [pid 1008] [client 172.17.0.1:63384] PHP Warning:  Undefined array key "userPassword" in /app/login.php on line 47, referer: http://localhost/login.php
[Wed May 04 15:18:46.388761 2022] [php:notice] [pid 1008] [client 172.17.0.1:63384] PHP Stack trace:, referer: http://localhost/login.php
[Wed May 04 15:18:46.389697 2022] [php:notice] [pid 1008] [client 172.17.0.1:63384] PHP   1. {main}() /app/login.php:0, referer: http://localhost/login.php
[Wed May 04 20:48:11.606182 2022] [php:notice] [pid 1861] [client 172.17.0.1:63386] PHP Warning:  Undefined variable $_SESSION in /app/index.php on line 11
[Wed May 04 20:48:11.609263 2022] [php:notice] [pid 1861] [client 172.17.0.1:63386] PHP Stack trace:
[Wed May 04 20:48:11.613568 2022] [php:notice] [pid 1861] [client 172.17.0.1:63386] PHP   1. {main}() /app/index.php:0
[Wed May 04 20:48:11.624232 2022] [php:notice] [pid 1861] [client 172.17.0.1:63386] PHP Warning:  Trying to access array offset on value of type null in /app/index.php on line 11
[Wed May 04 20:48:11.624852 2022] [php:notice] [pid 1861] [client 172.17.0.1:63386] PHP Stack trace:
[Wed May 04 20:48:11.626838 2022] [php:notice] [pid 1861] [client 172.17.0.1:63386] PHP   1. {main}() /app/index.php:0
[Thu May 05 01:29:32.561645 2022] [php:notice] [pid 1863] [client 172.17.0.1:63414] PHP Warning:  Undefined array key "userName" in /app/login.php on line 40, referer: http://localhost/login.php
[Thu May 05 01:29:32.565734 2022] [php:notice] [pid 1863] [client 172.17.0.1:63414] PHP Stack trace:, referer: http://localhost/login.php
[Thu May 05 01:29:32.567670 2022] [php:notice] [pid 1863] [client 172.17.0.1:63414] PHP   1. {main}() /app/login.php:0, referer: http://localhost/login.php
[Thu May 05 01:29:32.570107 2022] [php:notice] [pid 1863] [client 172.17.0.1:63414] PHP Warning:  Undefined array key "userPassword" in /app/login.php on line 47, referer: http://localhost/login.php
[Thu May 05 01:29:32.570719 2022] [php:notice] [pid 1863] [client 172.17.0.1:63414] PHP Stack trace:, referer: http://localhost/login.php
[Thu May 05 01:29:32.571406 2022] [php:notice] [pid 1863] [client 172.17.0.1:63414] PHP   1. {main}() /app/login.php:0, referer: http://localhost/login.php
[Thu May 05 02:05:08.719214 2022] [php:notice] [pid 1865] [client 172.17.0.1:63468] PHP Warning:  Undefined array key "loggedIn" in /app/index.php on line 11, referer: http://localhost/delete.php?studentID=7
[Thu May 05 02:05:08.735553 2022] [php:notice] [pid 1865] [client 172.17.0.1:63468] PHP Stack trace:, referer: http://localhost/delete.php?studentID=7
[Thu May 05 02:05:08.740704 2022] [php:notice] [pid 1865] [client 172.17.0.1:63468] PHP   1. {main}() /app/index.php:0, referer: http://localhost/delete.php?studentID=7
[Thu May 05 02:05:14.649802 2022] [php:notice] [pid 1867] [client 172.17.0.1:63470] PHP Warning:  Undefined array key "userName" in /app/login.php on line 40, referer: http://localhost/login.php
[Thu May 05 02:05:14.652599 2022] [php:notice] [pid 1867] [client 172.17.0.1:63470] PHP Stack trace:, referer: http://localhost/login.php
[Thu May 05 02:05:14.654508 2022] [php:notice] [pid 1867] [client 172.17.0.1:63470] PHP   1. {main}() /app/login.php:0, referer: http://localhost/login.php
[Thu May 05 02:10:52.536793 2022] [php:notice] [pid 1003] [client 172.17.0.1:63472] PHP Warning:  Undefined array key "userName" in /app/login.php on line 40, referer: http://localhost/login.php
[Thu May 05 02:10:52.543424 2022] [php:notice] [pid 1003] [client 172.17.0.1:63472] PHP Stack trace:, referer: http://localhost/login.php
[Thu May 05 02:10:52.545154 2022] [php:notice] [pid 1003] [client 172.17.0.1:63472] PHP   1. {main}() /app/login.php:0, referer: http://localhost/login.php
[Thu May 05 02:10:58.975103 2022] [php:notice] [pid 1007] [client 172.17.0.1:63474] PHP Warning:  Undefined array key "userName" in /app/login.php on line 40, referer: http://localhost/login.php
[Thu May 05 02:10:58.977025 2022] [php:notice] [pid 1007] [client 172.17.0.1:63474] PHP Stack trace:, referer: http://localhost/login.php
[Thu May 05 02:10:58.984772 2022] [php:notice] [pid 1007] [client 172.17.0.1:63474] PHP   1. {main}() /app/login.php:0, referer: http://localhost/login.php
[Thu May 05 02:11:21.693473 2022] [php:notice] [pid 1861] [client 172.17.0.1:63476] PHP Warning:  Undefined array key "userName" in /app/login.php on line 40, referer: http://localhost/login.php
[Thu May 05 02:11:21.700517 2022] [php:notice] [pid 1861] [client 172.17.0.1:63476] PHP Stack trace:, referer: http://localhost/login.php
[Thu May 05 02:11:21.704966 2022] [php:notice] [pid 1861] [client 172.17.0.1:63476] PHP   1. {main}() /app/login.php:0, referer: http://localhost/login.php
[Thu May 05 02:11:27.118529 2022] [php:notice] [pid 1008] [client 172.17.0.1:63478] PHP Warning:  Undefined array key "userName" in /app/login.php on line 40, referer: http://localhost/login.php
[Thu May 05 02:11:27.121639 2022] [php:notice] [pid 1008] [client 172.17.0.1:63478] PHP Stack trace:, referer: http://localhost/login.php
[Thu May 05 02:11:27.122749 2022] [php:notice] [pid 1008] [client 172.17.0.1:63478] PHP   1. {main}() /app/login.php:0, referer: http://localhost/login.php
[Thu May 05 02:14:26.784831 2022] [php:notice] [pid 1009] [client 172.17.0.1:63480] PHP Warning:  Undefined array key "userName" in /app/login.php on line 40, referer: http://localhost/login.php
[Thu May 05 02:14:26.787181 2022] [php:notice] [pid 1009] [client 172.17.0.1:63480] PHP Stack trace:, referer: http://localhost/login.php
[Thu May 05 02:14:26.788544 2022] [php:notice] [pid 1009] [client 172.17.0.1:63480] PHP   1. {main}() /app/login.php:0, referer: http://localhost/login.php
[Thu May 05 02:15:38.810256 2022] [php:notice] [pid 1863] [client 172.17.0.1:63482] PHP Warning:  Undefined array key "userName" in /app/login.php on line 56, referer: http://localhost/login.php
[Thu May 05 02:15:38.814273 2022] [php:notice] [pid 1863] [client 172.17.0.1:63482] PHP Stack trace:, referer: http://localhost/login.php
[Thu May 05 02:15:38.815679 2022] [php:notice] [pid 1863] [client 172.17.0.1:63482] PHP   1. {main}() /app/login.php:0, referer: http://localhost/login.php
[Thu May 05 02:15:38.863427 2022] [php:notice] [pid 1863] [client 172.17.0.1:63482] PHP Fatal error:  Uncaught PDOException: SQLSTATE[HY093]: Invalid parameter number: number of bound variables does not match number of tokens in /app/login.php:65\nStack trace:\n#0 /app/login.php(65): PDOStatement->execute()\n#1 {main}\n  thrown in /app/login.php on line 65, referer: http://localhost/login.php
[Thu May 05 02:16:10.195832 2022] [php:notice] [pid 1005] [client 172.17.0.1:63484] PHP Warning:  Undefined array key "userName" in /app/login.php on line 56, referer: http://localhost/login.php
[Thu May 05 02:16:10.198074 2022] [php:notice] [pid 1005] [client 172.17.0.1:63484] PHP Stack trace:, referer: http://localhost/login.php
[Thu May 05 02:16:10.199931 2022] [php:notice] [pid 1005] [client 172.17.0.1:63484] PHP   1. {main}() /app/login.php:0, referer: http://localhost/login.php
[Thu May 05 02:16:10.203616 2022] [php:notice] [pid 1005] [client 172.17.0.1:63484] PHP Warning:  Undefined array key "username" in /app/login.php on line 62, referer: http://localhost/login.php
[Thu May 05 02:16:10.205424 2022] [php:notice] [pid 1005] [client 172.17.0.1:63484] PHP Stack trace:, referer: http://localhost/login.php
[Thu May 05 02:16:10.206083 2022] [php:notice] [pid 1005] [client 172.17.0.1:63484] PHP   1. {main}() /app/login.php:0, referer: http://localhost/login.php
[Thu May 05 02:16:10.212422 2022] [php:notice] [pid 1005] [client 172.17.0.1:63484] PHP Fatal error:  Uncaught PDOException: SQLSTATE[HY093]: Invalid parameter number: number of bound variables does not match number of tokens in /app/login.php:65\nStack trace:\n#0 /app/login.php(65): PDOStatement->execute()\n#1 {main}\n  thrown in /app/login.php on line 65, referer: http://localhost/login.php
[Thu May 05 02:16:16.674860 2022] [php:notice] [pid 1865] [client 172.17.0.1:63486] PHP Warning:  Undefined array key "userName" in /app/login.php on line 56, referer: http://localhost/login.php
[Thu May 05 02:16:16.677294 2022] [php:notice] [pid 1865] [client 172.17.0.1:63486] PHP Stack trace:, referer: http://localhost/login.php
[Thu May 05 02:16:16.678770 2022] [php:notice] [pid 1865] [client 172.17.0.1:63486] PHP   1. {main}() /app/login.php:0, referer: http://localhost/login.php
[Thu May 05 02:16:16.687746 2022] [php:notice] [pid 1865] [client 172.17.0.1:63486] PHP Fatal error:  Uncaught PDOException: SQLSTATE[HY093]: Invalid parameter number: number of bound variables does not match number of tokens in /app/login.php:65\nStack trace:\n#0 /app/login.php(65): PDOStatement->execute()\n#1 {main}\n  thrown in /app/login.php on line 65, referer: http://localhost/login.php
[Thu May 05 02:19:36.361786 2022] [php:notice] [pid 1867] [client 172.17.0.1:63488] PHP Warning:  Undefined array key "loggedIn" in /app/index.php on line 11
[Thu May 05 02:19:36.366222 2022] [php:notice] [pid 1867] [client 172.17.0.1:63488] PHP Stack trace:
[Thu May 05 02:19:36.368310 2022] [php:notice] [pid 1867] [client 172.17.0.1:63488] PHP   1. {main}() /app/index.php:0
[Thu May 05 02:19:36.683466 2022] [php:notice] [pid 1867] [client 172.17.0.1:63488] PHP Warning:  Undefined array key "loggedIn" in /app/index.php on line 11
[Thu May 05 02:19:36.685852 2022] [php:notice] [pid 1867] [client 172.17.0.1:63488] PHP Stack trace:
[Thu May 05 02:19:36.704999 2022] [php:notice] [pid 1867] [client 172.17.0.1:63488] PHP   1. {main}() /app/index.php:0
[Thu May 05 02:20:37.851367 2022] [php:notice] [pid 1003] [client 172.17.0.1:63490] PHP Warning:  Undefined array key "userName" in /app/login.php on line 56, referer: http://localhost/login.php
[Thu May 05 02:20:37.859518 2022] [php:notice] [pid 1003] [client 172.17.0.1:63490] PHP Stack trace:, referer: http://localhost/login.php
[Thu May 05 02:20:37.862100 2022] [php:notice] [pid 1003] [client 172.17.0.1:63490] PHP   1. {main}() /app/login.php:0, referer: http://localhost/login.php
[Thu May 05 02:20:37.908189 2022] [php:notice] [pid 1003] [client 172.17.0.1:63490] PHP Fatal error:  Uncaught PDOException: SQLSTATE[HY093]: Invalid parameter number: number of bound variables does not match number of tokens in /app/login.php:65\nStack trace:\n#0 /app/login.php(65): PDOStatement->execute()\n#1 {main}\n  thrown in /app/login.php on line 65, referer: http://localhost/login.php
[Thu May 05 02:20:42.305528 2022] [php:notice] [pid 1007] [client 172.17.0.1:63492] PHP Warning:  Undefined array key "loggedIn" in /app/index.php on line 11
[Thu May 05 02:20:42.309530 2022] [php:notice] [pid 1007] [client 172.17.0.1:63492] PHP Stack trace:
[Thu May 05 02:20:42.311541 2022] [php:notice] [pid 1007] [client 172.17.0.1:63492] PHP   1. {main}() /app/index.php:0
[Thu May 05 02:20:43.937909 2022] [php:notice] [pid 1007] [client 172.17.0.1:63492] PHP Warning:  Undefined array key "loggedIn" in /app/index.php on line 11
[Thu May 05 02:20:43.940596 2022] [php:notice] [pid 1007] [client 172.17.0.1:63492] PHP Stack trace:
[Thu May 05 02:20:43.943974 2022] [php:notice] [pid 1007] [client 172.17.0.1:63492] PHP   1. {main}() /app/index.php:0
[Thu May 05 02:20:45.083116 2022] [php:notice] [pid 1007] [client 172.17.0.1:63492] PHP Warning:  Undefined array key "loggedIn" in /app/index.php on line 11
[Thu May 05 02:20:45.087879 2022] [php:notice] [pid 1007] [client 172.17.0.1:63492] PHP Stack trace:
[Thu May 05 02:20:45.091545 2022] [php:notice] [pid 1007] [client 172.17.0.1:63492] PHP   1. {main}() /app/index.php:0
[Thu May 05 02:21:31.899151 2022] [php:notice] [pid 1861] [client 172.17.0.1:63494] PHP Warning:  Undefined variable $username_err in /app/login.php on line 19
[Thu May 05 02:21:31.909377 2022] [php:notice] [pid 1861] [client 172.17.0.1:63494] PHP Stack trace:
[Thu May 05 02:21:31.912999 2022] [php:notice] [pid 1861] [client 172.17.0.1:63494] PHP   1. {main}() /app/login.php:0
[Thu May 05 02:21:31.919974 2022] [php:notice] [pid 1861] [client 172.17.0.1:63494] PHP Warning:  Undefined variable $username in /app/login.php on line 20
[Thu May 05 02:21:31.920742 2022] [php:notice] [pid 1861] [client 172.17.0.1:63494] PHP Stack trace:
[Thu May 05 02:21:31.922125 2022] [php:notice] [pid 1861] [client 172.17.0.1:63494] PHP   1. {main}() /app/login.php:0
[Thu May 05 02:21:31.931230 2022] [php:notice] [pid 1861] [client 172.17.0.1:63494] PHP Warning:  Undefined variable $password_err in /app/login.php on line 21
[Thu May 05 02:21:31.933714 2022] [php:notice] [pid 1861] [client 172.17.0.1:63494] PHP Stack trace:
[Thu May 05 02:21:31.938416 2022] [php:notice] [pid 1861] [client 172.17.0.1:63494] PHP   1. {main}() /app/login.php:0
[Thu May 05 02:21:38.253007 2022] [php:notice] [pid 1008] [client 172.17.0.1:63496] PHP Warning:  Undefined variable $username_err in /app/login.php on line 19, referer: http://localhost/login.php
[Thu May 05 02:21:38.256430 2022] [php:notice] [pid 1008] [client 172.17.0.1:63496] PHP Stack trace:, referer: http://localhost/login.php
[Thu May 05 02:21:38.258334 2022] [php:notice] [pid 1008] [client 172.17.0.1:63496] PHP   1. {main}() /app/login.php:0, referer: http://localhost/login.php
[Thu May 05 02:21:38.260685 2022] [php:notice] [pid 1008] [client 172.17.0.1:63496] PHP Warning:  Undefined variable $username in /app/login.php on line 20, referer: http://localhost/login.php
[Thu May 05 02:21:38.261367 2022] [php:notice] [pid 1008] [client 172.17.0.1:63496] PHP Stack trace:, referer: http://localhost/login.php
[Thu May 05 02:21:38.262178 2022] [php:notice] [pid 1008] [client 172.17.0.1:63496] PHP   1. {main}() /app/login.php:0, referer: http://localhost/login.php
[Thu May 05 02:21:38.263355 2022] [php:notice] [pid 1008] [client 172.17.0.1:63496] PHP Warning:  Undefined variable $password_err in /app/login.php on line 21, referer: http://localhost/login.php
[Thu May 05 02:21:38.264000 2022] [php:notice] [pid 1008] [client 172.17.0.1:63496] PHP Stack trace:, referer: http://localhost/login.php
[Thu May 05 02:21:38.264962 2022] [php:notice] [pid 1008] [client 172.17.0.1:63496] PHP   1. {main}() /app/login.php:0, referer: http://localhost/login.php
[Thu May 05 02:21:38.270788 2022] [php:notice] [pid 1008] [client 172.17.0.1:63496] PHP Warning:  Undefined array key "userName" in /app/login.php on line 77, referer: http://localhost/login.php
[Thu May 05 02:21:38.271385 2022] [php:notice] [pid 1008] [client 172.17.0.1:63496] PHP Stack trace:, referer: http://localhost/login.php
[Thu May 05 02:21:38.271985 2022] [php:notice] [pid 1008] [client 172.17.0.1:63496] PHP   1. {main}() /app/login.php:0, referer: http://localhost/login.php
[Thu May 05 02:21:38.291503 2022] [php:notice] [pid 1008] [client 172.17.0.1:63496] PHP Fatal error:  Uncaught PDOException: SQLSTATE[HY093]: Invalid parameter number: number of bound variables does not match number of tokens in /app/login.php:86\nStack trace:\n#0 /app/login.php(86): PDOStatement->execute()\n#1 {main}\n  thrown in /app/login.php on line 86, referer: http://localhost/login.php
[Thu May 05 02:34:35.403290 2022] [php:notice] [pid 1007] [client 172.17.0.1:63510] PHP Warning:  Undefined array key "password" in /app/login.php on line 71, referer: http://localhost/login.php
[Thu May 05 02:34:35.407279 2022] [php:notice] [pid 1007] [client 172.17.0.1:63510] PHP Stack trace:, referer: http://localhost/login.php
[Thu May 05 02:34:35.410686 2022] [php:notice] [pid 1007] [client 172.17.0.1:63510] PHP   1. {main}() /app/login.php:0, referer: http://localhost/login.php
[Thu May 05 02:34:43.765257 2022] [php:notice] [pid 1861] [client 172.17.0.1:63512] PHP Warning:  Undefined array key "password" in /app/login.php on line 71, referer: http://localhost/login.php
[Thu May 05 02:34:43.767360 2022] [php:notice] [pid 1861] [client 172.17.0.1:63512] PHP Stack trace:, referer: http://localhost/login.php
[Thu May 05 02:34:43.769919 2022] [php:notice] [pid 1861] [client 172.17.0.1:63512] PHP   1. {main}() /app/login.php:0, referer: http://localhost/login.php
[Thu May 05 02:35:27.511056 2022] [php:notice] [pid 1008] [client 172.17.0.1:63514] PHP Warning:  Undefined array key "password" in /app/login.php on line 71, referer: http://localhost/login.php
[Thu May 05 02:35:27.513859 2022] [php:notice] [pid 1008] [client 172.17.0.1:63514] PHP Stack trace:, referer: http://localhost/login.php
[Thu May 05 02:35:27.514817 2022] [php:notice] [pid 1008] [client 172.17.0.1:63514] PHP   1. {main}() /app/login.php:0, referer: http://localhost/login.php
[Thu May 05 02:36:29.218191 2022] [php:notice] [pid 1863] [client 172.17.0.1:63518] PHP Warning:  Undefined array key "password" in /app/login.php on line 47, referer: http://localhost/login.php
[Thu May 05 02:36:29.221070 2022] [php:notice] [pid 1863] [client 172.17.0.1:63518] PHP Stack trace:, referer: http://localhost/login.php
[Thu May 05 02:36:29.224235 2022] [php:notice] [pid 1863] [client 172.17.0.1:63518] PHP   1. {main}() /app/login.php:0, referer: http://localhost/login.php
[Thu May 05 02:36:55.641094 2022] [php:notice] [pid 1005] [client 172.17.0.1:63520] PHP Warning:  Undefined array key "password" in /app/login.php on line 47, referer: http://localhost/login.php
[Thu May 05 02:36:55.643391 2022] [php:notice] [pid 1005] [client 172.17.0.1:63520] PHP Stack trace:, referer: http://localhost/login.php
[Thu May 05 02:36:55.644953 2022] [php:notice] [pid 1005] [client 172.17.0.1:63520] PHP   1. {main}() /app/login.php:0, referer: http://localhost/login.php
[Thu May 05 02:37:00.492473 2022] [php:notice] [pid 1865] [client 172.17.0.1:63522] PHP Warning:  Undefined array key "password" in /app/login.php on line 47, referer: http://localhost/login.php
[Thu May 05 02:37:00.495888 2022] [php:notice] [pid 1865] [client 172.17.0.1:63522] PHP Stack trace:, referer: http://localhost/login.php
[Thu May 05 02:37:00.498285 2022] [php:notice] [pid 1865] [client 172.17.0.1:63522] PHP   1. {main}() /app/login.php:0, referer: http://localhost/login.php
[Thu May 05 02:38:43.769498 2022] [php:notice] [pid 1867] [client 172.17.0.1:63524] PHP Warning:  Undefined array key "password" in /app/login.php on line 47, referer: http://localhost/login.php
[Thu May 05 02:38:43.807082 2022] [php:notice] [pid 1867] [client 172.17.0.1:63524] PHP Stack trace:, referer: http://localhost/login.php
[Thu May 05 02:38:43.810043 2022] [php:notice] [pid 1867] [client 172.17.0.1:63524] PHP   1. {main}() /app/login.php:0, referer: http://localhost/login.php
[Thu May 05 02:38:50.087559 2022] [php:notice] [pid 1003] [client 172.17.0.1:63526] PHP Warning:  Undefined array key "password" in /app/login.php on line 47, referer: http://localhost/login.php
[Thu May 05 02:38:50.091172 2022] [php:notice] [pid 1003] [client 172.17.0.1:63526] PHP Stack trace:, referer: http://localhost/login.php
[Thu May 05 02:38:50.092319 2022] [php:notice] [pid 1003] [client 172.17.0.1:63526] PHP   1. {main}() /app/login.php:0, referer: http://localhost/login.php
[Thu May 05 02:38:55.377451 2022] [php:notice] [pid 1007] [client 172.17.0.1:63528] PHP Warning:  Undefined array key "password" in /app/login.php on line 47, referer: http://localhost/login.php
[Thu May 05 02:38:55.380084 2022] [php:notice] [pid 1007] [client 172.17.0.1:63528] PHP Stack trace:, referer: http://localhost/login.php
[Thu May 05 02:38:55.382364 2022] [php:notice] [pid 1007] [client 172.17.0.1:63528] PHP   1. {main}() /app/login.php:0, referer: http://localhost/login.php
[Thu May 05 02:38:59.703856 2022] [php:notice] [pid 1861] [client 172.17.0.1:63530] PHP Warning:  Undefined array key "password" in /app/login.php on line 47, referer: http://localhost/login.php
[Thu May 05 02:38:59.707273 2022] [php:notice] [pid 1861] [client 172.17.0.1:63530] PHP Stack trace:, referer: http://localhost/login.php
[Thu May 05 02:38:59.708825 2022] [php:notice] [pid 1861] [client 172.17.0.1:63530] PHP   1. {main}() /app/login.php:0, referer: http://localhost/login.php
[Thu May 05 02:47:41.183089 2022] [php:notice] [pid 1008] [client 172.17.0.1:63532] PHP Warning:  Undefined array key "password" in /app/login.php on line 47, referer: http://localhost/login.php
[Thu May 05 02:47:41.202471 2022] [php:notice] [pid 1008] [client 172.17.0.1:63532] PHP Stack trace:, referer: http://localhost/login.php
[Thu May 05 02:47:41.204429 2022] [php:notice] [pid 1008] [client 172.17.0.1:63532] PHP   1. {main}() /app/login.php:0, referer: http://localhost/login.php
[Thu May 05 02:47:46.454393 2022] [php:notice] [pid 1009] [client 172.17.0.1:63534] PHP Warning:  Undefined array key "loggedIn" in /app/index.php on line 11
[Thu May 05 02:47:46.459317 2022] [php:notice] [pid 1009] [client 172.17.0.1:63534] PHP Stack trace:
[Thu May 05 02:47:46.460725 2022] [php:notice] [pid 1009] [client 172.17.0.1:63534] PHP   1. {main}() /app/index.php:0
[Thu May 05 02:47:46.693235 2022] [php:notice] [pid 1009] [client 172.17.0.1:63534] PHP Warning:  Undefined array key "loggedIn" in /app/index.php on line 11
[Thu May 05 02:47:46.696023 2022] [php:notice] [pid 1009] [client 172.17.0.1:63534] PHP Stack trace:
[Thu May 05 02:47:46.698315 2022] [php:notice] [pid 1009] [client 172.17.0.1:63534] PHP   1. {main}() /app/index.php:0
[Thu May 05 02:54:31.646150 2022] [php:notice] [pid 1009] [client 172.17.0.1:63552] PHP Warning:  Undefined array key "loggedIn" in /app/index.php on line 11, referer: http://localhost/history.php
[Thu May 05 02:54:31.653050 2022] [php:notice] [pid 1009] [client 172.17.0.1:63552] PHP Stack trace:, referer: http://localhost/history.php
[Thu May 05 02:54:31.658642 2022] [php:notice] [pid 1009] [client 172.17.0.1:63552] PHP   1. {main}() /app/index.php:0, referer: http://localhost/history.php
[Thu May 05 02:54:38.972547 2022] [php:notice] [pid 1863] [client 172.17.0.1:63554] PHP Warning:  Undefined array key "password" in /app/login.php on line 47, referer: http://localhost/login.php
[Thu May 05 02:54:38.975709 2022] [php:notice] [pid 1863] [client 172.17.0.1:63554] PHP Stack trace:, referer: http://localhost/login.php
[Thu May 05 02:54:38.977596 2022] [php:notice] [pid 1863] [client 172.17.0.1:63554] PHP   1. {main}() /app/login.php:0, referer: http://localhost/login.php
[Thu May 05 06:40:11.372479 2022] [php:notice] [pid 1009] [client 172.17.0.1:63588] PHP Warning:  Undefined variable $pdo in /app/signup.php on line 40, referer: http://localhost/signup.php
[Thu May 05 06:40:11.377742 2022] [php:notice] [pid 1009] [client 172.17.0.1:63588] PHP Stack trace:, referer: http://localhost/signup.php
[Thu May 05 06:40:11.379457 2022] [php:notice] [pid 1009] [client 172.17.0.1:63588] PHP   1. {main}() /app/signup.php:0, referer: http://localhost/signup.php
[Thu May 05 06:40:11.389727 2022] [php:notice] [pid 1009] [client 172.17.0.1:63588] PHP Fatal error:  Uncaught Error: Call to a member function prepare() on null in /app/signup.php:40\nStack trace:\n#0 {main}\n  thrown in /app/signup.php on line 40, referer: http://localhost/signup.php
[Thu May 05 06:40:29.795730 2022] [php:notice] [pid 1863] [client 172.17.0.1:63590] PHP Warning:  Undefined variable $pdo in /app/signup.php on line 40, referer: http://localhost/signup.php
[Thu May 05 06:40:29.799066 2022] [php:notice] [pid 1863] [client 172.17.0.1:63590] PHP Stack trace:, referer: http://localhost/signup.php
[Thu May 05 06:40:29.800119 2022] [php:notice] [pid 1863] [client 172.17.0.1:63590] PHP   1. {main}() /app/signup.php:0, referer: http://localhost/signup.php
[Thu May 05 06:40:29.803296 2022] [php:notice] [pid 1863] [client 172.17.0.1:63590] PHP Fatal error:  Uncaught Error: Call to a member function prepare() on null in /app/signup.php:40\nStack trace:\n#0 {main}\n  thrown in /app/signup.php on line 40, referer: http://localhost/signup.php
[Thu May 05 06:40:33.713617 2022] [php:notice] [pid 1005] [client 172.17.0.1:63592] PHP Warning:  Undefined array key "loggedIn" in /app/index.php on line 11
[Thu May 05 06:40:33.718695 2022] [php:notice] [pid 1005] [client 172.17.0.1:63592] PHP Stack trace:
[Thu May 05 06:40:33.721406 2022] [php:notice] [pid 1005] [client 172.17.0.1:63592] PHP   1. {main}() /app/index.php:0
[Thu May 05 06:40:34.114974 2022] [php:notice] [pid 1005] [client 172.17.0.1:63592] PHP Warning:  Undefined array key "loggedIn" in /app/index.php on line 11
[Thu May 05 06:40:34.119229 2022] [php:notice] [pid 1005] [client 172.17.0.1:63592] PHP Stack trace:
[Thu May 05 06:40:34.123478 2022] [php:notice] [pid 1005] [client 172.17.0.1:63592] PHP   1. {main}() /app/index.php:0
[Thu May 05 06:48:15.266536 2022] [php:notice] [pid 1009] [client 172.17.0.1:63624] PHP Warning:  Undefined variable $pdo in /app/signup.php on line 40, referer: http://localhost/signup.php
[Thu May 05 06:48:15.272470 2022] [php:notice] [pid 1009] [client 172.17.0.1:63624] PHP Stack trace:, referer: http://localhost/signup.php
[Thu May 05 06:48:15.275541 2022] [php:notice] [pid 1009] [client 172.17.0.1:63624] PHP   1. {main}() /app/signup.php:0, referer: http://localhost/signup.php
[Thu May 05 06:48:15.277229 2022] [php:notice] [pid 1009] [client 172.17.0.1:63624] PHP Fatal error:  Uncaught Error: Call to a member function prepare() on null in /app/signup.php:40\nStack trace:\n#0 {main}\n  thrown in /app/signup.php on line 40, referer: http://localhost/signup.php
[Thu May 05 06:52:28.377204 2022] [php:notice] [pid 1865] [client 172.17.0.1:63632] PHP Warning:  Undefined variable $pdo in /app/signup.php on line 88, referer: http://localhost/signup.php
[Thu May 05 06:52:28.380637 2022] [php:notice] [pid 1865] [client 172.17.0.1:63632] PHP Stack trace:, referer: http://localhost/signup.php
[Thu May 05 06:52:28.384482 2022] [php:notice] [pid 1865] [client 172.17.0.1:63632] PHP   1. {main}() /app/signup.php:0, referer: http://localhost/signup.php
[Thu May 05 06:52:28.388323 2022] [php:notice] [pid 1865] [client 172.17.0.1:63632] PHP Fatal error:  Uncaught Error: Call to a member function prepare() on null in /app/signup.php:88\nStack trace:\n#0 {main}\n  thrown in /app/signup.php on line 88, referer: http://localhost/signup.php
[Thu May 05 06:54:30.233345 2022] [php:notice] [pid 1007] [client 172.17.0.1:63638] PHP Warning:  Undefined variable $pdo in /app/signup.php on line 88, referer: http://localhost/signup.php
[Thu May 05 06:54:30.235067 2022] [php:notice] [pid 1007] [client 172.17.0.1:63638] PHP Stack trace:, referer: http://localhost/signup.php
[Thu May 05 06:54:30.235941 2022] [php:notice] [pid 1007] [client 172.17.0.1:63638] PHP   1. {main}() /app/signup.php:0, referer: http://localhost/signup.php
[Thu May 05 06:54:30.238370 2022] [php:notice] [pid 1007] [client 172.17.0.1:63638] PHP Fatal error:  Uncaught Error: Call to a member function prepare() on null in /app/signup.php:88\nStack trace:\n#0 {main}\n  thrown in /app/signup.php on line 88, referer: http://localhost/signup.php
[Thu May 05 06:58:47.622720 2022] [php:notice] [pid 1865] [client 172.17.0.1:63650] PHP Warning:  Undefined variable $pdo in /app/signup.php on line 88, referer: http://localhost/signup.php
[Thu May 05 06:58:47.626924 2022] [php:notice] [pid 1865] [client 172.17.0.1:63650] PHP Stack trace:, referer: http://localhost/signup.php
[Thu May 05 06:58:47.627872 2022] [php:notice] [pid 1865] [client 172.17.0.1:63650] PHP   1. {main}() /app/signup.php:0, referer: http://localhost/signup.php
[Thu May 05 06:58:47.629931 2022] [php:notice] [pid 1865] [client 172.17.0.1:63650] PHP Fatal error:  Uncaught Error: Call to a member function prepare() on null in /app/signup.php:88\nStack trace:\n#0 {main}\n  thrown in /app/signup.php on line 88, referer: http://localhost/signup.php
[Thu May 05 10:52:37.658327 2022] [php:notice] [pid 1007] [client 172.17.0.1:63656] PHP Warning:  Undefined array key "userName" in /app/signup.php on line 24, referer: http://localhost/signup.php
[Thu May 05 10:52:37.668690 2022] [php:notice] [pid 1007] [client 172.17.0.1:63656] PHP Stack trace:, referer: http://localhost/signup.php
[Thu May 05 10:52:37.672383 2022] [php:notice] [pid 1007] [client 172.17.0.1:63656] PHP   1. {main}() /app/signup.php:0, referer: http://localhost/signup.php
[Thu May 05 10:52:37.675279 2022] [php:notice] [pid 1007] [client 172.17.0.1:63656] PHP Warning:  Undefined array key "userPassword" in /app/signup.php on line 56, referer: http://localhost/signup.php
[Thu May 05 10:52:37.678357 2022] [php:notice] [pid 1007] [client 172.17.0.1:63656] PHP Stack trace:, referer: http://localhost/signup.php
[Thu May 05 10:52:37.680450 2022] [php:notice] [pid 1007] [client 172.17.0.1:63656] PHP   1. {main}() /app/signup.php:0, referer: http://localhost/signup.php
[Thu May 05 10:52:59.187850 2022] [php:notice] [pid 1008] [client 172.17.0.1:63658] PHP Warning:  Undefined array key "userName" in /app/signup.php on line 24, referer: http://localhost/signup.php
[Thu May 05 10:52:59.191569 2022] [php:notice] [pid 1008] [client 172.17.0.1:63658] PHP Stack trace:, referer: http://localhost/signup.php
[Thu May 05 10:52:59.195121 2022] [php:notice] [pid 1008] [client 172.17.0.1:63658] PHP   1. {main}() /app/signup.php:0, referer: http://localhost/signup.php
[Thu May 05 10:52:59.198243 2022] [php:notice] [pid 1008] [client 172.17.0.1:63658] PHP Warning:  Undefined array key "userPassword" in /app/signup.php on line 56, referer: http://localhost/signup.php
[Thu May 05 10:52:59.199049 2022] [php:notice] [pid 1008] [client 172.17.0.1:63658] PHP Stack trace:, referer: http://localhost/signup.php
[Thu May 05 10:52:59.200180 2022] [php:notice] [pid 1008] [client 172.17.0.1:63658] PHP   1. {main}() /app/signup.php:0, referer: http://localhost/signup.php
[Thu May 05 10:53:07.625424 2022] [php:notice] [pid 1009] [client 172.17.0.1:63660] PHP Warning:  Undefined variable $pdo in /app/signup.php on line 32, referer: http://localhost/signup.php
[Thu May 05 10:53:07.636859 2022] [php:notice] [pid 1009] [client 172.17.0.1:63660] PHP Stack trace:, referer: http://localhost/signup.php
[Thu May 05 10:53:07.638342 2022] [php:notice] [pid 1009] [client 172.17.0.1:63660] PHP   1. {main}() /app/signup.php:0, referer: http://localhost/signup.php
[Thu May 05 10:53:07.643529 2022] [php:notice] [pid 1009] [client 172.17.0.1:63660] PHP Fatal error:  Uncaught Error: Call to a member function prepare() on null in /app/signup.php:32\nStack trace:\n#0 {main}\n  thrown in /app/signup.php on line 32, referer: http://localhost/signup.php
[Thu May 05 10:54:39.364598 2022] [php:notice] [pid 1863] [client 172.17.0.1:63662] PHP Warning:  Undefined variable $pdo in /app/signup.php on line 88, referer: http://localhost/signup.php
[Thu May 05 10:54:39.367473 2022] [php:notice] [pid 1863] [client 172.17.0.1:63662] PHP Stack trace:, referer: http://localhost/signup.php
[Thu May 05 10:54:39.369117 2022] [php:notice] [pid 1863] [client 172.17.0.1:63662] PHP   1. {main}() /app/signup.php:0, referer: http://localhost/signup.php
[Thu May 05 10:54:39.373379 2022] [php:notice] [pid 1863] [client 172.17.0.1:63662] PHP Fatal error:  Uncaught Error: Call to a member function prepare() on null in /app/signup.php:88\nStack trace:\n#0 {main}\n  thrown in /app/signup.php on line 88, referer: http://localhost/signup.php
[Thu May 05 10:55:00.169843 2022] [php:notice] [pid 1005] [client 172.17.0.1:63664] PHP Warning:  Undefined variable $pdo in /app/signup.php on line 88, referer: http://localhost/signup.php
[Thu May 05 10:55:00.171967 2022] [php:notice] [pid 1005] [client 172.17.0.1:63664] PHP Stack trace:, referer: http://localhost/signup.php
[Thu May 05 10:55:00.173391 2022] [php:notice] [pid 1005] [client 172.17.0.1:63664] PHP   1. {main}() /app/signup.php:0, referer: http://localhost/signup.php
[Thu May 05 10:55:00.178480 2022] [php:notice] [pid 1005] [client 172.17.0.1:63664] PHP Fatal error:  Uncaught Error: Call to a member function prepare() on null in /app/signup.php:88\nStack trace:\n#0 {main}\n  thrown in /app/signup.php on line 88, referer: http://localhost/signup.php
[Thu May 05 11:05:49.299331 2022] [php:notice] [pid 1005] [client 172.17.0.1:63702] PHP Fatal error:  Uncaught PDOException: SQLSTATE[42S02]: Base table or view not found: 1146 Table 'classroomsystem.studentinfo' doesn't exist in /app/index.php:54\nStack trace:\n#0 /app/index.php(54): PDO->query()\n#1 {main}\n  thrown in /app/index.php on line 54, referer: http://localhost/index.php
[Thu May 05 11:07:58.548364 2022] [php:notice] [pid 1861] [client 172.17.0.1:63706] PHP Fatal error:  Uncaught PDOException: SQLSTATE[42S02]: Base table or view not found: 1146 Table 'classroomsystem.studentinfo' doesn't exist in /app/index.php:54\nStack trace:\n#0 /app/index.php(54): PDO->query()\n#1 {main}\n  thrown in /app/index.php on line 54, referer: http://localhost/add.php
[Thu May 05 11:10:42.120417 2022] [php:notice] [pid 1863] [client 172.17.0.1:63716] PHP Warning:  Undefined array key "loggedIn" in /app/index.php on line 11
[Thu May 05 11:10:42.123508 2022] [php:notice] [pid 1863] [client 172.17.0.1:63716] PHP Stack trace:
[Thu May 05 11:10:42.125411 2022] [php:notice] [pid 1863] [client 172.17.0.1:63716] PHP   1. {main}() /app/index.php:0
[Thu May 05 11:10:54.205602 2022] [php:notice] [pid 1005] [client 172.17.0.1:63720] PHP Warning:  Undefined array key "loggedIn" in /app/index.php on line 11
[Thu May 05 11:10:54.207407 2022] [php:notice] [pid 1005] [client 172.17.0.1:63720] PHP Stack trace:
[Thu May 05 11:10:54.209920 2022] [php:notice] [pid 1005] [client 172.17.0.1:63720] PHP   1. {main}() /app/index.php:0
[Thu May 05 13:27:04.488341 2022] [php:notice] [pid 1008] [client 172.17.0.1:63764] PHP Warning:  Undefined array key "loggedIn" in /app/index.php on line 11, referer: http://localhost/history.php
[Thu May 05 13:27:04.499196 2022] [php:notice] [pid 1008] [client 172.17.0.1:63764] PHP Stack trace:, referer: http://localhost/history.php
[Thu May 05 13:27:04.503585 2022] [php:notice] [pid 1008] [client 172.17.0.1:63764] PHP   1. {main}() /app/index.php:0, referer: http://localhost/history.php
[Thu May 05 13:31:37.365954 2022] [php:notice] [pid 1863] [client 172.17.0.1:63770] PHP Warning:  Undefined variable $pdo in /app/signup.php on line 88, referer: http://localhost/signup.php
[Thu May 05 13:31:37.420836 2022] [php:notice] [pid 1863] [client 172.17.0.1:63770] PHP Stack trace:, referer: http://localhost/signup.php
[Thu May 05 13:31:37.430346 2022] [php:notice] [pid 1863] [client 172.17.0.1:63770] PHP   1. {main}() /app/signup.php:0, referer: http://localhost/signup.php
[Thu May 05 13:31:37.449359 2022] [php:notice] [pid 1863] [client 172.17.0.1:63770] PHP Fatal error:  Uncaught Error: Call to a member function prepare() on null in /app/signup.php:88\nStack trace:\n#0 {main}\n  thrown in /app/signup.php on line 88, referer: http://localhost/signup.php
